Archive member included to satisfy reference by file (symbol)

e:/iti/arm/imt_sdk_win_64/imt_sdk_win_64/winarm/armgcc/bin/../lib/gcc/arm-none-eabi/7.2.1/../../../../arm-none-eabi/lib/thumb/v7e-m\libg_nano.a(lib_a-errno.o)
                              ./system/src/newlib/_sbrk.o (__errno)
e:/iti/arm/imt_sdk_win_64/imt_sdk_win_64/winarm/armgcc/bin/../lib/gcc/arm-none-eabi/7.2.1/../../../../arm-none-eabi/lib/thumb/v7e-m\libg_nano.a(lib_a-impure.o)
                              e:/iti/arm/imt_sdk_win_64/imt_sdk_win_64/winarm/armgcc/bin/../lib/gcc/arm-none-eabi/7.2.1/../../../../arm-none-eabi/lib/thumb/v7e-m\libg_nano.a(lib_a-errno.o) (_impure_ptr)
e:/iti/arm/imt_sdk_win_64/imt_sdk_win_64/winarm/armgcc/bin/../lib/gcc/arm-none-eabi/7.2.1/../../../../arm-none-eabi/lib/thumb/v7e-m\libg_nano.a(lib_a-memset.o)
                              ./src/APP/BOOTLOADER/BOOTLOADER_program.o (memset)
e:/iti/arm/imt_sdk_win_64/imt_sdk_win_64/winarm/armgcc/bin/../lib/gcc/arm-none-eabi/7.2.1/../../../../arm-none-eabi/lib/thumb/v7e-m\libg_nano.a(lib_a-strlen.o)
                              ./system/src/diag/Trace.o (strlen)
e:/iti/arm/imt_sdk_win_64/imt_sdk_win_64/winarm/armgcc/bin/../lib/gcc/arm-none-eabi/7.2.1/../../../../arm-none-eabi/lib/thumb/v7e-m\libg_nano.a(lib_a-vsnprintf.o)
                              ./system/src/diag/Trace.o (vsnprintf)
e:/iti/arm/imt_sdk_win_64/imt_sdk_win_64/winarm/armgcc/bin/../lib/gcc/arm-none-eabi/7.2.1/../../../../arm-none-eabi/lib/thumb/v7e-m\libg_nano.a(lib_a-nano-svfprintf.o)
                              e:/iti/arm/imt_sdk_win_64/imt_sdk_win_64/winarm/armgcc/bin/../lib/gcc/arm-none-eabi/7.2.1/../../../../arm-none-eabi/lib/thumb/v7e-m\libg_nano.a(lib_a-vsnprintf.o) (_svfprintf_r)
e:/iti/arm/imt_sdk_win_64/imt_sdk_win_64/winarm/armgcc/bin/../lib/gcc/arm-none-eabi/7.2.1/../../../../arm-none-eabi/lib/thumb/v7e-m\libg_nano.a(lib_a-nano-vfprintf_i.o)
                              e:/iti/arm/imt_sdk_win_64/imt_sdk_win_64/winarm/armgcc/bin/../lib/gcc/arm-none-eabi/7.2.1/../../../../arm-none-eabi/lib/thumb/v7e-m\libg_nano.a(lib_a-nano-svfprintf.o) (_printf_i)
e:/iti/arm/imt_sdk_win_64/imt_sdk_win_64/winarm/armgcc/bin/../lib/gcc/arm-none-eabi/7.2.1/../../../../arm-none-eabi/lib/thumb/v7e-m\libg_nano.a(lib_a-memchr.o)
                              e:/iti/arm/imt_sdk_win_64/imt_sdk_win_64/winarm/armgcc/bin/../lib/gcc/arm-none-eabi/7.2.1/../../../../arm-none-eabi/lib/thumb/v7e-m\libg_nano.a(lib_a-nano-svfprintf.o) (memchr)
e:/iti/arm/imt_sdk_win_64/imt_sdk_win_64/winarm/armgcc/bin/../lib/gcc/arm-none-eabi/7.2.1/../../../../arm-none-eabi/lib/thumb/v7e-m\libg_nano.a(lib_a-memcpy-stub.o)
                              e:/iti/arm/imt_sdk_win_64/imt_sdk_win_64/winarm/armgcc/bin/../lib/gcc/arm-none-eabi/7.2.1/../../../../arm-none-eabi/lib/thumb/v7e-m\libg_nano.a(lib_a-nano-svfprintf.o) (memcpy)
e:/iti/arm/imt_sdk_win_64/imt_sdk_win_64/winarm/armgcc/bin/../lib/gcc/arm-none-eabi/7.2.1/../../../../arm-none-eabi/lib/thumb/v7e-m\libg_nano.a(lib_a-memmove.o)
                              e:/iti/arm/imt_sdk_win_64/imt_sdk_win_64/winarm/armgcc/bin/../lib/gcc/arm-none-eabi/7.2.1/../../../../arm-none-eabi/lib/thumb/v7e-m\libg_nano.a(lib_a-nano-svfprintf.o) (memmove)
e:/iti/arm/imt_sdk_win_64/imt_sdk_win_64/winarm/armgcc/bin/../lib/gcc/arm-none-eabi/7.2.1/../../../../arm-none-eabi/lib/thumb/v7e-m\libg_nano.a(lib_a-nano-freer.o)
                              e:/iti/arm/imt_sdk_win_64/imt_sdk_win_64/winarm/armgcc/bin/../lib/gcc/arm-none-eabi/7.2.1/../../../../arm-none-eabi/lib/thumb/v7e-m\libg_nano.a(lib_a-nano-svfprintf.o) (_free_r)
e:/iti/arm/imt_sdk_win_64/imt_sdk_win_64/winarm/armgcc/bin/../lib/gcc/arm-none-eabi/7.2.1/../../../../arm-none-eabi/lib/thumb/v7e-m\libg_nano.a(lib_a-nano-mallocr.o)
                              e:/iti/arm/imt_sdk_win_64/imt_sdk_win_64/winarm/armgcc/bin/../lib/gcc/arm-none-eabi/7.2.1/../../../../arm-none-eabi/lib/thumb/v7e-m\libg_nano.a(lib_a-nano-svfprintf.o) (_malloc_r)
e:/iti/arm/imt_sdk_win_64/imt_sdk_win_64/winarm/armgcc/bin/../lib/gcc/arm-none-eabi/7.2.1/../../../../arm-none-eabi/lib/thumb/v7e-m\libg_nano.a(lib_a-nano-reallocr.o)
                              e:/iti/arm/imt_sdk_win_64/imt_sdk_win_64/winarm/armgcc/bin/../lib/gcc/arm-none-eabi/7.2.1/../../../../arm-none-eabi/lib/thumb/v7e-m\libg_nano.a(lib_a-nano-svfprintf.o) (_realloc_r)
e:/iti/arm/imt_sdk_win_64/imt_sdk_win_64/winarm/armgcc/bin/../lib/gcc/arm-none-eabi/7.2.1/../../../../arm-none-eabi/lib/thumb/v7e-m\libg_nano.a(lib_a-sbrkr.o)
                              e:/iti/arm/imt_sdk_win_64/imt_sdk_win_64/winarm/armgcc/bin/../lib/gcc/arm-none-eabi/7.2.1/../../../../arm-none-eabi/lib/thumb/v7e-m\libg_nano.a(lib_a-nano-mallocr.o) (_sbrk_r)
e:/iti/arm/imt_sdk_win_64/imt_sdk_win_64/winarm/armgcc/bin/../lib/gcc/arm-none-eabi/7.2.1/../../../../arm-none-eabi/lib/thumb/v7e-m\libg_nano.a(lib_a-mlock.o)
[...]
Memory Configuration

Name             Origin             Length             Attributes
RAM              0x20000000         0x00010000         xrw
CCMRAM           0x10000000         0x00000000         xrw
FLASH            0x08000000         0x00008000         xr
FLASHB1          0x00000000         0x00000000         xr
EXTMEMB0         0x00000000         0x00000000         xr
EXTMEMB1         0x00000000         0x00000000         xr
EXTMEMB2         0x00000000         0x00000000         xr
EXTMEMB3         0x00000000         0x00000000         xr
*default*        0x00000000         0xffffffff

Linker script and memory map

LOAD ./system/src/stm32f4-hal/stm32f4xx_hal.o
LOAD ./system/src/stm32f4-hal/stm32f4xx_hal_cortex.o
LOAD ./system/src/stm32f4-hal/stm32f4xx_hal_dfsdm.o
LOAD ./system/src/stm32f4-hal/stm32f4xx_hal_flash.o
LOAD ./system/src/stm32f4-hal/stm32f4xx_hal_gpio.o
LOAD ./system/src/stm32f4-hal/stm32f4xx_hal_iwdg.o
LOAD ./system/src/stm32f4-hal/stm32f4xx_hal_pwr.o
LOAD ./system/src/stm32f4-hal/stm32f4xx_hal_rcc.o
LOAD ./system/src/newlib/_cxx.o
LOAD ./system/src/newlib/_exit.o
LOAD ./system/src/newlib/_sbrk.o
LOAD ./system/src/newlib/_startup.o
LOAD ./system/src/newlib/_syscalls.o
LOAD ./system/src/newlib/assert.o
LOAD ./system/src/diag/Trace.o
LOAD ./system/src/diag/trace_impl.o
LOAD ./system/src/cortexm/_initialize_hardware.o
LOAD ./system/src/cortexm/_reset_hardware.o
LOAD ./system/src/cortexm/exception_handlers.o
LOAD ./system/src/cmsis/system_stm32f4xx.o
LOAD ./system/src/cmsis/vectors_stm32f401xc.o
LOAD ./src/MCAL/UART/UART_Config.o
LOAD ./src/MCAL/UART/UART_Prog.o
LOAD ./src/MCAL/SYSTICK/SYSTICK_prog.o
LOAD ./src/MCAL/RCC/RCC_prog.o
LOAD ./src/MCAL/NVIC/NVIC_prog.o
LOAD ./src/MCAL/GPIO/GPIO_prog.o
LOAD ./src/MCAL/FMI/FMI_Prog.o
LOAD ./src/APP/HEXPARSER/HEXPARSER_prg.o
LOAD ./src/APP/BOOTLOADER/BOOTLOADER_program.o
LOAD ./src/_initialize_hardware.o
LOAD ./src/main.o
LOAD ./src/stm32f4xx_hal_msp.o
LOAD e:/iti/arm/imt_sdk_win_64/imt_sdk_win_64/winarm/armgcc/bin/../lib/gcc/arm-none-eabi/7.2.1/../../../../arm-none-eabi/lib/thumb/v7e-m\libstdc++_nano.a
LOAD e:/iti/arm/imt_sdk_win_64/imt_sdk_win_64/winarm/armgcc/bin/../lib/gcc/arm-none-eabi/7.2.1/../../../../arm-none-eabi/lib/thumb/v7e-m\libm.a
START GROUP
LOAD e:/iti/arm/imt_sdk_win_64/imt_sdk_win_64/winarm/armgcc/bin/../lib/gcc/arm-none-eabi/7.2.1/thumb/v7e-m\libgcc.a
LOAD e:/iti/arm/imt_sdk_win_64/imt_sdk_win_64/winarm/armgcc/bin/../lib/gcc/arm-none-eabi/7.2.1/../../../../arm-none-eabi/lib/thumb/v7e-m\libg_nano.a
LOAD e:/iti/arm/imt_sdk_win_64/imt_sdk_win_64/winarm/armgcc/bin/../lib/gcc/arm-none-eabi/7.2.1/../../../../arm-none-eabi/lib/thumb/v7e-m\libc_nano.a
END GROUP
START GROUP
LOAD e:/iti/arm/imt_sdk_win_64/imt_sdk_win_64/winarm/armgcc/bin/../lib/gcc/arm-none-eabi/7.2.1/thumb/v7e-m\libgcc.a
LOAD e:/iti/arm/imt_sdk_win_64/imt_sdk_win_64/winarm/armgcc/bin/../lib/gcc/arm-none-eabi/7.2.1/../../../../arm-none-eabi/lib/thumb/v7e-m\libc_nano.a
END GROUP
                0x20010000                __stack = (ORIGIN (RAM) + LENGTH (RAM))
                0x20010000                _estack = __stack
                0x00000400                __Main_Stack_Size = 0x400
                [!provide]                PROVIDE (_Main_Stack_Size, __Main_Stack_Size)
                0x2000fc00                __Main_Stack_Limit = (__stack - __Main_Stack_Size)
                [!provide]                PROVIDE (_Main_Stack_Limit, __Main_Stack_Limit)
                0x00000100                _Minimum_Stack_Size = 0x100
                0x20000168                PROVIDE (_Heap_Begin, _end_noinit)
                0x2000fc00                PROVIDE (_Heap_Limit, (__stack - __Main_Stack_Size))

.isr_vector     0x08000000      0x3f4
 FILL mask 0xff
                0x08000000                __vectors_start = ABSOLUTE (.)
                0x08000000                __vectors_start__ = ABSOLUTE (.)
 *(.isr_vector)
 .isr_vector    0x08000000      0x194 ./system/src/cmsis/vectors_stm32f401xc.o
                0x08000000                __isr_vectors
 *(.cfmconfig)
 *(.after_vectors .after_vectors.*)
 .after_vectors
                0x08000194      0x130 ./system/src/newlib/_startup.o
                0x08000194                _start
 .after_vectors
                0x080002c4      0x12c ./system/src/cortexm/exception_handlers.o
                0x080002c4                Reset_Handler
                0x080002ca                NMI_Handler
                0x080002ce                HardFault_Handler
                0x080002e2                HardFault_Handler_C
                0x08000340                MemManage_Handler
                0x08000344                BusFault_Handler
                0x08000358                BusFault_Handler_C
                0x0800038c                UsageFault_Handler
                0x080003a0                UsageFault_Handler_C
                0x080003d4                SVC_Handler
                0x080003d8                DebugMon_Handler
                0x080003dc                PendSV_Handler
 .after_vectors
                0x080003f0        0x4 ./system/src/cmsis/vectors_stm32f401xc.o
                0x080003f0                RTC_Alarm_IRQHandler
                0x080003f0                EXTI2_IRQHandler
                0x080003f0                SPI4_IRQHandler
                0x080003f0                TIM1_CC_IRQHandler
                0x080003f0                DMA2_Stream5_IRQHandler
                0x080003f0                DMA1_Stream5_IRQHandler
                0x080003f0                PVD_IRQHandler
                0x080003f0                SDIO_IRQHandler
                0x080003f0                TAMP_STAMP_IRQHandler
                0x080003f0                EXTI3_IRQHandler
                0x080003f0                TIM1_UP_TIM10_IRQHandler
                0x080003f0                I2C3_ER_IRQHandler
                0x080003f0                EXTI0_IRQHandler
                0x080003f0                I2C2_EV_IRQHandler
                0x080003f0                DMA1_Stream2_IRQHandler
                0x080003f0                FPU_IRQHandler
                0x080003f0                DMA2_Stream2_IRQHandler
                0x080003f0                SPI1_IRQHandler
                0x080003f0                TIM1_BRK_TIM9_IRQHandler
                0x080003f0                DMA2_Stream3_IRQHandler
                0x080003f0                DMA2_Stream0_IRQHandler
                0x080003f0                TIM4_IRQHandler
                0x080003f0                I2C1_EV_IRQHandler
                0x080003f0                DMA1_Stream6_IRQHandler
                0x080003f0                DMA1_Stream1_IRQHandler
                0x080003f0                TIM3_IRQHandler
                0x080003f0                RCC_IRQHandler
                0x080003f0                Default_Handler
                0x080003f0                EXTI15_10_IRQHandler
                0x080003f0                ADC_IRQHandler
                0x080003f0                DMA1_Stream7_IRQHandler
                0x080003f0                TIM5_IRQHandler
                0x080003f0                DMA2_Stream7_IRQHandler
                0x080003f0                I2C3_EV_IRQHandler
                0x080003f0                EXTI9_5_IRQHandler
                0x080003f0                RTC_WKUP_IRQHandler
                0x080003f0                SPI2_IRQHandler
                0x080003f0                DMA1_Stream0_IRQHandler
                0x080003f0                EXTI4_IRQHandler
                0x080003f0                WWDG_IRQHandler
                0x080003f0                TIM2_IRQHandler
                0x080003f0                OTG_FS_WKUP_IRQHandler
                0x080003f0                TIM1_TRG_COM_TIM11_IRQHandler
                0x080003f0                EXTI1_IRQHandler
                0x080003f0                I2C2_ER_IRQHandler
                0x080003f0                DMA2_Stream1_IRQHandler
                0x080003f0                FLASH_IRQHandler
                0x080003f0                DMA2_Stream4_IRQHandler
                0x080003f0                OTG_FS_IRQHandler
                0x080003f0                SPI3_IRQHandler
                0x080003f0                DMA1_Stream4_IRQHandler
                0x080003f0                I2C1_ER_IRQHandler
                0x080003f0                DMA2_Stream6_IRQHandler
                0x080003f0                DMA1_Stream3_IRQHandler

.inits          0x080003f4       0x28
                0x080003f4                __data_regions_array_start = .
                0x080003f4        0x4 LONG 0x8001a7c LOADADDR (.data)
                0x080003f8        0x4 LONG 0x20000000 ADDR (.data)
                0x080003fc        0x4 LONG 0x200000b0 (ADDR (.data) + SIZEOF (.data))
                0x08000400        0x4 LONG 0x8001a7c LOADADDR (.data_CCMRAM)
                0x08000404        0x4 LONG 0x10000000 ADDR (.data_CCMRAM)
                0x08000408        0x4 LONG 0x10000000 (ADDR (.data_CCMRAM) + SIZEOF (.data_CCMRAM))
                0x0800040c                __data_regions_array_end = .
                0x0800040c                __bss_regions_array_start = .
                0x0800040c        0x4 LONG 0x200000b0 ADDR (.bss)
                0x08000410        0x4 LONG 0x20000168 (ADDR (.bss) + SIZEOF (.bss))
                0x08000414        0x4 LONG 0x10000000 ADDR (.bss_CCMRAM)
                0x08000418        0x4 LONG 0x10000000 (ADDR (.bss_CCMRAM) + SIZEOF (.bss_CCMRAM))
                0x0800041c                __bss_regions_array_end = .
 *(.init)
 *(.fini)
                0x0800041c                . = ALIGN (0x4)
                0x0800041c                PROVIDE (__preinit_array_start, .)
 *(.preinit_array_sysinit .preinit_array_sysinit.*)
 *(.preinit_array_platform .preinit_array_platform.*)
 *(.preinit_array .preinit_array.*)
                0x0800041c                PROVIDE (__preinit_array_end, .)
                0x0800041c                . = ALIGN (0x4)
                0x0800041c                PROVIDE (__init_array_start, .)
 *(SORT_BY_NAME(.init_array.*))
 *(.init_array)
                0x0800041c                PROVIDE (__init_array_end, .)
                0x0800041c                . = ALIGN (0x4)
                0x0800041c                PROVIDE (__fini_array_start, .)
 *(SORT_BY_NAME(.fini_array.*))
 *(.fini_array)
                0x0800041c                PROVIDE (__fini_array_end, .)

.flashtext
 *(.flashtext .flashtext.*)

.text           0x08000420     0x165c
 *(.text .text.*)
 .text._exit    0x08000420        0x2 ./system/src/newlib/_exit.o
                0x08000420                _exit
 *fill*         0x08000422        0x2 
 .text._sbrk    0x08000424       0x44 ./system/src/newlib/_sbrk.o
                0x08000424                _sbrk
 .text.__initialize_args
                0x08000468       0x10 ./system/src/newlib/_syscalls.o
                0x08000468                __initialize_args
 .text.trace_printf
                0x08000478       0x30 ./system/src/diag/Trace.o
                0x08000478                trace_printf
 .text._trace_write_semihosting_debug
                0x080004a8       0x60 ./system/src/diag/trace_impl.o
 .text.trace_write
                0x08000508        0x8 ./system/src/diag/trace_impl.o
                0x08000508                trace_write
 .text.__initialize_hardware_early
                0x08000510       0x18 ./system/src/cortexm/_initialize_hardware.o
                0x08000510                __initialize_hardware_early
 .text.dumpExceptionStack
                0x08000528       0xf4 ./system/src/cortexm/exception_handlers.o
                0x08000528                dumpExceptionStack
 .text.isSemihosting
                0x0800061c       0x20 ./system/src/cortexm/exception_handlers.o
                0x0800061c                isSemihosting
 .text.SystemInit
                0x0800063c       0x40 ./system/src/cmsis/system_stm32f4xx.o
                0x0800063c                SystemInit
 .text.MUART_vEnable
                0x0800067c       0x16 ./src/MCAL/UART/UART_Prog.o
                0x0800067c                MUART_vEnable
 .text.MUART_vTransmitByteSynch
                0x08000692       0x30 ./src/MCAL/UART/UART_Prog.o
                0x08000692                MUART_vTransmitByteSynch
 .text.MUART_u8ReceiveByteSynchBlocking
                0x080006c2       0x12 ./src/MCAL/UART/UART_Prog.o
                0x080006c2                MUART_u8ReceiveByteSynchBlocking
 .text.MUART_voidClearFlags
                0x080006d4        0x6 ./src/MCAL/UART/UART_Prog.o
                0x080006d4                MUART_voidClearFlags
 *fill*         0x080006da        0x2 
 .text.MUART_vInit
                0x080006dc       0xe4 ./src/MCAL/UART/UART_Prog.o
                0x080006dc                MUART_vInit
 .text.USART1_IRQHandler
                0x080007c0       0x1c ./src/MCAL/UART/UART_Prog.o
                0x080007c0                USART1_IRQHandler
 .text.USART2_IRQHandler
                0x080007dc       0x1c ./src/MCAL/UART/UART_Prog.o
                0x080007dc                USART2_IRQHandler
 .text.USART6_IRQHandler
                0x080007f8       0x1c ./src/MCAL/UART/UART_Prog.o
                0x080007f8                USART6_IRQHandler
 .text.MSTK_vInit
                0x08000814       0x18 ./src/MCAL/SYSTICK/SYSTICK_prog.o
                0x08000814                MSTK_vInit
 .text.MSTK_vStopTimer
                0x0800082c       0x10 ./src/MCAL/SYSTICK/SYSTICK_prog.o
                0x0800082c                MSTK_vStopTimer
 .text.MSTK_vSetIntervalSingle
                0x0800083c       0x38 ./src/MCAL/SYSTICK/SYSTICK_prog.o
                0x0800083c                MSTK_vSetIntervalSingle
 .text.SysTick_Handler
                0x08000874       0x28 ./src/MCAL/SYSTICK/SYSTICK_prog.o
                0x08000874                SysTick_Handler
 .text.MSTK_vDelayus
                0x0800089c       0x2c ./src/MCAL/SYSTICK/SYSTICK_prog.o
                0x0800089c                MSTK_vDelayus
 .text.MRCC_vInit
                0x080008c8       0x40 ./src/MCAL/RCC/RCC_prog.o
                0x080008c8                MRCC_vInit
 .text.MRCC_vEnableClock
                0x08000908       0x50 ./src/MCAL/RCC/RCC_prog.o
                0x08000908                MRCC_vEnableClock
 .text.MGPIO_vInit
                0x08000958      0x2ac ./src/MCAL/GPIO/GPIO_prog.o
                0x08000958                MGPIO_vInit
 .text.MFMI_vEraseSector
                0x08000c04       0x68 ./src/MCAL/FMI/FMI_Prog.o
                0x08000c04                MFMI_vEraseSector
 .text.MFMI_vFlashWrite
                0x08000c6c       0x80 ./src/MCAL/FMI/FMI_Prog.o
                0x08000c6c                MFMI_vFlashWrite
 .text.HEXPARSER_su8AsciiToHex
                0x08000cec       0x22 ./src/APP/HEXPARSER/HEXPARSER_prg.o
                0x08000cec                HEXPARSER_su8AsciiToHex
 *fill*         0x08000d0e        0x2 
 .text.HEXPARESR_vParseRecordAndFlashIt
                0x08000d10       0xe0 ./src/APP/HEXPARSER/HEXPARSER_prg.o
                0x08000d10                HEXPARESR_vParseRecordAndFlashIt
 .text.APP_vBootloaderJump
                0x08000df0       0x5c ./src/APP/BOOTLOADER/BOOTLOADER_program.o
 .text.APP_vBootloaderInit
                0x08000e4c       0x98 ./src/APP/BOOTLOADER/BOOTLOADER_program.o
                0x08000e4c                APP_vBootloaderInit
 .text.APP_vBootloaderWrite
                0x08000ee4       0xc8 ./src/APP/BOOTLOADER/BOOTLOADER_program.o
                0x08000ee4                APP_vBootloaderWrite
 .text.__initialize_hardware
                0x08000fac        0x2 ./src/_initialize_hardware.o
                0x08000fac                __initialize_hardware
 *fill*         0x08000fae        0x2 
 .text.main     0x08000fb0       0x4c ./src/main.o
                0x08000fb0                main
 .text.__errno  0x08000ffc        0xc e:/iti/arm/imt_sdk_win_64/imt_sdk_win_64/winarm/armgcc/bin/../lib/gcc/arm-none-eabi/7.2.1/../../../../arm-none-eabi/lib/thumb/v7e-m\libg_nano.a(lib_a-errno.o)
                0x08000ffc                __errno
 .text.memset   0x08001008       0x10 e:/iti/arm/imt_sdk_win_64/imt_sdk_win_64/winarm/armgcc/bin/../lib/gcc/arm-none-eabi/7.2.1/../../../../arm-none-eabi/lib/thumb/v7e-m\libg_nano.a(lib_a-memset.o)
                0x08001008                memset
 .text._vsnprintf_r
                0x08001018       0x58 e:/iti/arm/imt_sdk_win_64/imt_sdk_win_64/winarm/armgcc/bin/../lib/gcc/arm-none-eabi/7.2.1/../../../../arm-none-eabi/lib/thumb/v7e-m\libg_nano.a(lib_a-vsnprintf.o)
                0x08001018                _vsniprintf_r
                0x08001018                _vsnprintf_r
 .text.vsnprintf
                0x08001070       0x1c e:/iti/arm/imt_sdk_win_64/imt_sdk_win_64/winarm/armgcc/bin/../lib/gcc/arm-none-eabi/7.2.1/../../../../arm-none-eabi/lib/thumb/v7e-m\libg_nano.a(lib_a-vsnprintf.o)
                0x08001070                vsniprintf
                0x08001070                vsnprintf
 .text.__ssputs_r
                0x0800108c       0xb4 e:/iti/arm/imt_sdk_win_64/imt_sdk_win_64/winarm/armgcc/bin/../lib/gcc/arm-none-eabi/7.2.1/../../../../arm-none-eabi/lib/thumb/v7e-m\libg_nano.a(lib_a-nano-svfprintf.o)
                0x0800108c                __ssputs_r
 .text._svfprintf_r
                0x08001140      0x1ec e:/iti/arm/imt_sdk_win_64/imt_sdk_win_64/winarm/armgcc/bin/../lib/gcc/arm-none-eabi/7.2.1/../../../../arm-none-eabi/lib/thumb/v7e-m\libg_nano.a(lib_a-nano-svfprintf.o)
                0x08001140                _svfiprintf_r
                0x08001140                _svfprintf_r
 .text._printf_common
                0x0800132c       0xea e:/iti/arm/imt_sdk_win_64/imt_sdk_win_64/winarm/armgcc/bin/../lib/gcc/arm-none-eabi/7.2.1/../../../../arm-none-eabi/lib/thumb/v7e-m\libg_nano.a(lib_a-nano-vfprintf_i.o)
                0x0800132c                _printf_common
 *fill*         0x08001416        0x2 
 .text._printf_i
                0x08001418      0x224 e:/iti/arm/imt_sdk_win_64/imt_sdk_win_64/winarm/armgcc/bin/../lib/gcc/arm-none-eabi/7.2.1/../../../../arm-none-eabi/lib/thumb/v7e-m\libg_nano.a(lib_a-nano-vfprintf_i.o)
                0x08001418                _printf_i
 *fill*         0x0800163c        0x4 
 .text          0x08001640       0xa0 e:/iti/arm/imt_sdk_win_64/imt_sdk_win_64/winarm/armgcc/bin/../lib/gcc/arm-none-eabi/7.2.1/../../../../arm-none-eabi/lib/thumb/v7e-m\libg_nano.a(lib_a-memchr.o)
                0x08001640                memchr
 .text.memcpy   0x080016e0       0x16 e:/iti/arm/imt_sdk_win_64/imt_sdk_win_64/winarm/armgcc/bin/../lib/gcc/arm-none-eabi/7.2.1/../../../../arm-none-eabi/lib/thumb/v7e-m\libg_nano.a(lib_a-memcpy-stub.o)
                0x080016e0                memcpy
 .text.memmove  0x080016f6       0x32 e:/iti/arm/imt_sdk_win_64/imt_sdk_win_64/winarm/armgcc/bin/../lib/gcc/arm-none-eabi/7.2.1/../../../../arm-none-eabi/lib/thumb/v7e-m\libg_nano.a(lib_a-memmove.o)
                0x080016f6                memmove
 .text._free_r  0x08001728       0x9c e:/iti/arm/imt_sdk_win_64/imt_sdk_win_64/winarm/armgcc/bin/../lib/gcc/arm-none-eabi/7.2.1/../../../../arm-none-eabi/lib/thumb/v7e-m\libg_nano.a(lib_a-nano-freer.o)
                0x08001728                _free_r
 .text._malloc_r
                0x080017c4       0xb4 e:/iti/arm/imt_sdk_win_64/imt_sdk_win_64/winarm/armgcc/bin/../lib/gcc/arm-none-eabi/7.2.1/../../../../arm-none-eabi/lib/thumb/v7e-m\libg_nano.a(lib_a-nano-mallocr.o)
                0x080017c4                _malloc_r
 .text._realloc_r
                0x08001878       0x4c e:/iti/arm/imt_sdk_win_64/imt_sdk_win_64/winarm/armgcc/bin/../lib/gcc/arm-none-eabi/7.2.1/../../../../arm-none-eabi/lib/thumb/v7e-m\libg_nano.a(lib_a-nano-reallocr.o)
                0x08001878                _realloc_r
 .text._sbrk_r  0x080018c4       0x20 e:/iti/arm/imt_sdk_win_64/imt_sdk_win_64/winarm/armgcc/bin/../lib/gcc/arm-none-eabi/7.2.1/../../../../arm-none-eabi/lib/thumb/v7e-m\libg_nano.a(lib_a-sbrkr.o)
                0x080018c4                _sbrk_r
 .text.__malloc_lock
                0x080018e4        0x2 e:/iti/arm/imt_sdk_win_64/imt_sdk_win_64/winarm/armgcc/bin/../lib/gcc/arm-none-eabi/7.2.1/../../../../arm-none-eabi/lib/thumb/v7e-m\libg_nano.a(lib_a-mlock.o)
                0x080018e4                __malloc_lock
 .text.__malloc_unlock
                0x080018e6        0x2 e:/iti/arm/imt_sdk_win_64/imt_sdk_win_64/winarm/armgcc/bin/../lib/gcc/arm-none-eabi/7.2.1/../../../../arm-none-eabi/lib/thumb/v7e-m\libg_nano.a(lib_a-mlock.o)
                0x080018e6                __malloc_unlock
 .text._malloc_usable_size_r
                0x080018e8       0x10 e:/iti/arm/imt_sdk_win_64/imt_sdk_win_64/winarm/armgcc/bin/../lib/gcc/arm-none-eabi/7.2.1/../../../../arm-none-eabi/lib/thumb/v7e-m\libg_nano.a(lib_a-nano-msizer.o)
                0x080018e8                _malloc_usable_size_r
 *(.rodata .rodata.* .constdata .constdata.*)
 .rodata.dumpExceptionStack.str1.4
                0x080018f8      0x11a ./system/src/cortexm/exception_handlers.o
 *fill*         0x08001a12        0x2 
 .rodata.str1.4
                0x08001a14       0x2c ./system/src/cortexm/exception_handlers.o
                                 0x2a (size before relaxing)
 .rodata.clean  0x08001a40        0x9 ./src/APP/BOOTLOADER/BOOTLOADER_program.o
                0x08001a40                clean
 .rodata._svfprintf_r.str1.1
                0x08001a49       0x11 e:/iti/arm/imt_sdk_win_64/imt_sdk_win_64/winarm/armgcc/bin/../lib/gcc/arm-none-eabi/7.2.1/../../../../arm-none-eabi/lib/thumb/v7e-m\libg_nano.a(lib_a-nano-svfprintf.o)
 .rodata._printf_i.str1.1
                0x08001a5a       0x22 e:/iti/arm/imt_sdk_win_64/imt_sdk_win_64/winarm/armgcc/bin/../lib/gcc/arm-none-eabi/7.2.1/../../../../arm-none-eabi/lib/thumb/v7e-m\libg_nano.a(lib_a-nano-vfprintf_i.o)
 *(vtable)
 *(.eh_frame*)
 *(.glue_7)
 .glue_7        0x08001a7c        0x0 linker stubs
 *(.glue_7t)
 .glue_7t       0x08001a7c        0x0 linker stubs

.vfp11_veneer   0x08001a7c        0x0
 .vfp11_veneer  0x08001a7c        0x0 linker stubs

.v4_bx          0x08001a7c        0x0
 .v4_bx         0x08001a7c        0x0 linker stubs

.iplt           0x08001a7c        0x0
 .iplt          0x08001a7c        0x0 ./system/src/newlib/_exit.o

.rel.dyn        0x08001a7c        0x0
 .rel.iplt      0x08001a7c        0x0 ./system/src/newlib/_exit.o

.ARM.extab
 *(.ARM.extab* .gnu.linkonce.armextab.*)
                0x08001a7c                . = ALIGN (0x4)
                0x08001a7c                __exidx_start = .

.ARM.exidx
 *(.ARM.exidx* .gnu.linkonce.armexidx.*)
                0x08001a7c                __exidx_end = .
                0x08001a7c                . = ALIGN (0x4)
                0x08001a7c                _etext = .
                0x08001a7c                __etext = .

.data_CCMRAM    0x10000000        0x0 load address 0x08001a7c
 FILL mask 0xff
 *(.data.CCMRAM .data.CCMRAM.*)
                0x10000000                . = ALIGN (0x4)
                0x08001a7c                _sidata = LOADADDR (.data)

.data           0x20000000       0xb0 load address 0x08001a7c
 FILL mask 0xff
                0x20000000                _sdata = .
                0x20000000                __data_start__ = .
 *(.data_begin .data_begin.*)
 .data_begin    0x20000000        0x4 ./system/src/newlib/_startup.o
 *(.data .data.*)
 .data.argv.4310
                0x20000004        0x8 ./system/src/newlib/_syscalls.o
 .data.My_UART  0x2000000c       0x14 ./src/MCAL/UART/UART_Config.o
                0x2000000c                My_UART
 .data.conf     0x20000020        0xc ./src/APP/BOOTLOADER/BOOTLOADER_program.o
                0x20000020                conf
 .data.mydata   0x2000002c        0xc ./src/APP/BOOTLOADER/BOOTLOADER_program.o
                0x2000002c                mydata
 .data.Rx_Pin   0x20000038        0x7 ./src/main.o
                0x20000038                Rx_Pin
 *fill*         0x2000003f        0x1 ff
 .data.Tx_Pin   0x20000040        0x7 ./src/main.o
                0x20000040                Tx_Pin
 *fill*         0x20000047        0x1 ff
 .data._impure_ptr
                0x20000048        0x4 e:/iti/arm/imt_sdk_win_64/imt_sdk_win_64/winarm/armgcc/bin/../lib/gcc/arm-none-eabi/7.2.1/../../../../arm-none-eabi/lib/thumb/v7e-m\libg_nano.a(lib_a-impure.o)
                0x20000048                _impure_ptr
 .data.impure_data
                0x2000004c       0x60 e:/iti/arm/imt_sdk_win_64/imt_sdk_win_64/winarm/armgcc/bin/../lib/gcc/arm-none-eabi/7.2.1/../../../../arm-none-eabi/lib/thumb/v7e-m\libg_nano.a(lib_a-impure.o)
 *(.data_end .data_end.*)
 .data_end      0x200000ac        0x4 ./system/src/newlib/_startup.o
                0x200000b0                . = ALIGN (0x4)
                0x200000b0                _edata = .
                0x200000b0                __data_end__ = .

.igot.plt       0x200000b0        0x0 load address 0x08001b2c
 .igot.plt      0x200000b0        0x0 ./system/src/newlib/_exit.o

.bss_CCMRAM     0x10000000        0x0
 *(.bss.CCMRAM .bss.CCMRAM.*)

.bss            0x200000b0       0xb8
                0x200000b0                __bss_start__ = .
                0x200000b0                _sbss = .
 *(.bss_begin .bss_begin.*)
 .bss_begin     0x200000b0        0x4 ./system/src/newlib/_startup.o
 *(.bss .bss.*)
 .bss.current_heap_end.3961
                0x200000b4        0x4 ./system/src/newlib/_sbrk.o
 .bss.name.4309
                0x200000b8        0x1 ./system/src/newlib/_syscalls.o
 *fill*         0x200000b9        0x3 
 .bss.buf.5205  0x200000bc       0x80 ./system/src/diag/Trace.o
 .bss.MUART1_CallBackPtr
                0x2000013c        0x4 ./src/MCAL/UART/UART_Prog.o
                0x2000013c                MUART1_CallBackPtr
 .bss.MUART2_CallBackPtr
                0x20000140        0x4 ./src/MCAL/UART/UART_Prog.o
                0x20000140                MUART2_CallBackPtr
 .bss.MUART6_CallBackPtr
                0x20000144        0x4 ./src/MCAL/UART/UART_Prog.o
                0x20000144                MUART6_CallBackPtr
 .bss.STK_CallBackPTR
                0x20000148        0x4 ./src/MCAL/SYSTICK/SYSTICK_prog.o
 .bss.SingleFlag
                0x2000014c        0x1 ./src/MCAL/SYSTICK/SYSTICK_prog.o
 *fill*         0x2000014d        0x3 
 .bss.G_u32Higher
                0x20000150        0x4 ./src/APP/HEXPARSER/HEXPARSER_prg.o
                0x20000150                G_u32Higher
 .bss.APP       0x20000154        0x4 ./src/APP/BOOTLOADER/BOOTLOADER_program.o
                0x20000154                APP
 .bss.__malloc_free_list
                0x20000158        0x4 e:/iti/arm/imt_sdk_win_64/imt_sdk_win_64/winarm/armgcc/bin/../lib/gcc/arm-none-eabi/7.2.1/../../../../arm-none-eabi/lib/thumb/v7e-m\libg_nano.a(lib_a-nano-mallocr.o)
                0x20000158                __malloc_free_list
 .bss.__malloc_sbrk_start
                0x2000015c        0x4 e:/iti/arm/imt_sdk_win_64/imt_sdk_win_64/winarm/armgcc/bin/../lib/gcc/arm-none-eabi/7.2.1/../../../../arm-none-eabi/lib/thumb/v7e-m\libg_nano.a(lib_a-nano-mallocr.o)
                0x2000015c                __malloc_sbrk_start
 *(COMMON)
 COMMON         0x20000160        0x4 ./system/src/newlib/_syscalls.o
                0x20000160                errno
 *(.bss_end .bss_end.*)
 .bss_end       0x20000164        0x4 ./system/src/newlib/_startup.o
                0x20000168                . = ALIGN (0x4)
                0x20000168                __bss_end__ = .
                0x20000168                _ebss = .

.noinit_CCMRAM
 *(.noinit.CCMRAM .noinit.CCMRAM.*)

.noinit         0x20000168        0x0
                0x20000168                _noinit = .
 *(.noinit .noinit.*)
                0x20000168                . = ALIGN (0x4)
                0x20000168                _end_noinit = .
                [!provide]                PROVIDE (end, _end_noinit)
                [!provide]                PROVIDE (_end, _end_noinit)
                [!provide]                PROVIDE (__end, _end_noinit)
                [!provide]                PROVIDE (__end__, _end_noinit)

._check_stack   0x20000168      0x100
                0x20000268                . = (. + _Minimum_Stack_Size)
 *fill*         0x20000168      0x100 

.b1text
 *(.b1text)
 *(.b1rodata)
 *(.b1rodata.*)

.eb0text
 *(.eb0text)
 *(.eb0rodata)
 *(.eb0rodata.*)

.eb1text
 *(.eb1text)
 *(.eb1rodata)
 *(.eb1rodata.*)

.eb2text
 *(.eb2text)
 *(.eb2rodata)
 *(.eb2rodata.*)

.eb3text
 *(.eb3text)
 *(.eb3rodata)
 *(.eb3rodata.*)

.stab
 *(.stab)

.stabstr
 *(.stabstr)

.stab.excl
 *(.stab.excl)

.stab.exclstr
 *(.stab.exclstr)

.stab.index
 *(.stab.index)

.stab.indexstr
 *(.stab.indexstr)

.comment        0x00000000       0x7e
 *(.comment)
 .comment       0x00000000       0x7e ./system/src/newlib/_exit.o
                                 0x7f (size before relaxing)
 .comment       0x0000007e       0x7f ./system/src/newlib/_sbrk.o
 .comment       0x0000007e       0x7f ./system/src/newlib/_startup.o
 .comment       0x0000007e       0x7f ./system/src/newlib/_syscalls.o
 .comment       0x0000007e       0x7f ./system/src/diag/Trace.o
 .comment       0x0000007e       0x7f ./system/src/diag/trace_impl.o
 .comment       0x0000007e       0x7f ./system/src/cortexm/_initialize_hardware.o
 .comment       0x0000007e       0x7f ./system/src/cortexm/exception_handlers.o
 .comment       0x0000007e       0x7f ./system/src/cmsis/system_stm32f4xx.o
 .comment       0x0000007e       0x7f ./system/src/cmsis/vectors_stm32f401xc.o
 .comment       0x0000007e       0x7f ./src/MCAL/UART/UART_Config.o
 .comment       0x0000007e       0x7f ./src/MCAL/UART/UART_Prog.o
 .comment       0x0000007e       0x7f ./src/MCAL/SYSTICK/SYSTICK_prog.o
 .comment       0x0000007e       0x7f ./src/MCAL/RCC/RCC_prog.o
 .comment       0x0000007e       0x7f ./src/MCAL/GPIO/GPIO_prog.o
 .comment       0x0000007e       0x7f ./src/MCAL/FMI/FMI_Prog.o
 .comment       0x0000007e       0x7f ./src/APP/HEXPARSER/HEXPARSER_prg.o
 .comment       0x0000007e       0x7f ./src/APP/BOOTLOADER/BOOTLOADER_program.o
 .comment       0x0000007e       0x7f ./src/_initialize_hardware.o
 .comment       0x0000007e       0x7f ./src/main.o

.ARM.attributes
                0x00000000       0x31
 .ARM.attributes
                0x00000000       0x33 ./system/src/newlib/_exit.o
 .ARM.attributes
                0x00000033       0x33 ./system/src/newlib/_sbrk.o
 .ARM.attributes
                0x00000066       0x33 ./system/src/newlib/_startup.o
 .ARM.attributes
                0x00000099       0x33 ./system/src/newlib/_syscalls.o
 .ARM.attributes
                0x000000cc       0x33 ./system/src/diag/Trace.o
 .ARM.attributes
                0x000000ff       0x33 ./system/src/diag/trace_impl.o
 .ARM.attributes
                0x00000132       0x33 ./system/src/cortexm/_initialize_hardware.o
 .ARM.attributes
                0x00000165       0x33 ./system/src/cortexm/exception_handlers.o
 .ARM.attributes
                0x00000198       0x33 ./system/src/cmsis/system_stm32f4xx.o
 .ARM.attributes
                0x000001cb       0x33 ./system/src/cmsis/vectors_stm32f401xc.o
 .ARM.attributes
                0x000001fe       0x33 ./src/MCAL/UART/UART_Config.o
 .ARM.attributes
                0x00000231       0x33 ./src/MCAL/UART/UART_Prog.o
 .ARM.attributes
                0x00000264       0x33 ./src/MCAL/SYSTICK/SYSTICK_prog.o
 .ARM.attributes
                0x00000297       0x33 ./src/MCAL/RCC/RCC_prog.o
 .ARM.attributes
                0x000002ca       0x33 ./src/MCAL/GPIO/GPIO_prog.o
 .ARM.attributes
                0x000002fd       0x33 ./src/MCAL/FMI/FMI_Prog.o
 .ARM.attributes
                0x00000330       0x33 ./src/APP/HEXPARSER/HEXPARSER_prg.o
 .ARM.attributes
                0x00000363       0x33 ./src/APP/BOOTLOADER/BOOTLOADER_program.o
 .ARM.attributes
                0x00000396       0x33 ./src/_initialize_hardware.o
 .ARM.attributes
                0x000003c9       0x33 ./src/main.o
 .ARM.attributes
                0x000003fc       0x2e e:/iti/arm/imt_sdk_win_64/imt_sdk_win_64/winarm/armgcc/bin/../lib/gcc/arm-none-eabi/7.2.1/../../../../arm-none-eabi/lib/thumb/v7e-m\libg_nano.a(lib_a-errno.o)
 .ARM.attributes
                0x0000042a       0x2e e:/iti/arm/imt_sdk_win_64/imt_sdk_win_64/winarm/armgcc/bin/../lib/gcc/arm-none-eabi/7.2.1/../../../../arm-none-eabi/lib/thumb/v7e-m\libg_nano.a(lib_a-impure.o)
 .ARM.attributes
                0x00000458       0x2e e:/iti/arm/imt_sdk_win_64/imt_sdk_win_64/winarm/armgcc/bin/../lib/gcc/arm-none-eabi/7.2.1/../../../../arm-none-eabi/lib/thumb/v7e-m\libg_nano.a(lib_a-memset.o)
 .ARM.attributes
                0x00000486       0x2e e:/iti/arm/imt_sdk_win_64/imt_sdk_win_64/winarm/armgcc/bin/../lib/gcc/arm-none-eabi/7.2.1/../../../../arm-none-eabi/lib/thumb/v7e-m\libg_nano.a(lib_a-vsnprintf.o)
 .ARM.attributes
                0x000004b4       0x2e e:/iti/arm/imt_sdk_win_64/imt_sdk_win_64/winarm/armgcc/bin/../lib/gcc/arm-none-eabi/7.2.1/../../../../arm-none-eabi/lib/thumb/v7e-m\libg_nano.a(lib_a-nano-svfprintf.o)
 .ARM.attributes
                0x000004e2       0x2e e:/iti/arm/imt_sdk_win_64/imt_sdk_win_64/winarm/armgcc/bin/../lib/gcc/arm-none-eabi/7.2.1/../../../../arm-none-eabi/lib/thumb/v7e-m\libg_nano.a(lib_a-nano-vfprintf_i.o)
 .ARM.attributes
                0x00000510       0x1c e:/iti/arm/imt_sdk_win_64/imt_sdk_win_64/winarm/armgcc/bin/../lib/gcc/arm-none-eabi/7.2.1/../../../../arm-none-eabi/lib/thumb/v7e-m\libg_nano.a(lib_a-memchr.o)
 .ARM.attributes
                0x0000052c       0x2e e:/iti/arm/imt_sdk_win_64/imt_sdk_win_64/winarm/armgcc/bin/../lib/gcc/arm-none-eabi/7.2.1/../../../../arm-none-eabi/lib/thumb/v7e-m\libg_nano.a(lib_a-memcpy-stub.o)
 .ARM.attributes
                0x0000055a       0x2e e:/iti/arm/imt_sdk_win_64/imt_sdk_win_64/winarm/armgcc/bin/../lib/gcc/arm-none-eabi/7.2.1/../../../../arm-none-eabi/lib/thumb/v7e-m\libg_nano.a(lib_a-memmove.o)
 .ARM.attributes
                0x00000588       0x2e e:/iti/arm/imt_sdk_win_64/imt_sdk_win_64/winarm/armgcc/bin/../lib/gcc/arm-none-eabi/7.2.1/../../../../arm-none-eabi/lib/thumb/v7e-m\libg_nano.a(lib_a-nano-freer.o)
 .ARM.attributes
                0x000005b6       0x2e e:/iti/arm/imt_sdk_win_64/imt_sdk_win_64/winarm/armgcc/bin/../lib/gcc/arm-none-eabi/7.2.1/../../../../arm-none-eabi/lib/thumb/v7e-m\libg_nano.a(lib_a-nano-mallocr.o)
 .ARM.attributes
                0x000005e4       0x2e e:/iti/arm/imt_sdk_win_64/imt_sdk_win_64/winarm/armgcc/bin/../lib/gcc/arm-none-eabi/7.2.1/../../../../arm-none-eabi/lib/thumb/v7e-m\libg_nano.a(lib_a-nano-reallocr.o)
 .ARM.attributes
                0x00000612       0x2e e:/iti/arm/imt_sdk_win_64/imt_sdk_win_64/winarm/armgcc/bin/../lib/gcc/arm-none-eabi/7.2.1/../../../../arm-none-eabi/lib/thumb/v7e-m\libg_nano.a(lib_a-sbrkr.o)
 .ARM.attributes
                0x00000640       0x2e e:/iti/arm/imt_sdk_win_64/imt_sdk_win_64/winarm/armgcc/bin/../lib/gcc/arm-none-eabi/7.2.1/../../../../arm-none-eabi/lib/thumb/v7e-m\libg_nano.a(lib_a-mlock.o)
 .ARM.attributes
                0x0000066e       0x2e e:/iti/arm/imt_sdk_win_64/imt_sdk_win_64/winarm/armgcc/bin/../lib/gcc/arm-none-eabi/7.2.1/../../../../arm-none-eabi/lib/thumb/v7e-m\libg_nano.a(lib_a-nano-msizer.o)

.debug
 *(.debug)

.line
 *(.line)

.debug_srcinfo
 *(.debug_srcinfo)

.debug_sfnames
 *(.debug_sfnames)

.debug_aranges  0x00000000      0x4a0
 *(.debug_aranges)
 .debug_aranges
                0x00000000       0x28 ./system/src/newlib/_exit.o
 .debug_aranges
                0x00000028       0x20 ./system/src/newlib/_sbrk.o
 .debug_aranges
                0x00000048       0x40 ./system/src/newlib/_startup.o
 .debug_aranges
                0x00000088       0x30 ./system/src/newlib/_syscalls.o
 .debug_aranges
                0x000000b8       0x38 ./system/src/diag/Trace.o
 .debug_aranges
                0x000000f0       0x30 ./system/src/diag/trace_impl.o
 .debug_aranges
                0x00000120       0x28 ./system/src/cortexm/_initialize_hardware.o
 .debug_aranges
                0x00000148       0x90 ./system/src/cortexm/exception_handlers.o
 .debug_aranges
                0x000001d8       0x28 ./system/src/cmsis/system_stm32f4xx.o
 .debug_aranges
                0x00000200       0x20 ./system/src/cmsis/vectors_stm32f401xc.o
 .debug_aranges
                0x00000220       0x18 ./src/MCAL/UART/UART_Config.o
 .debug_aranges
                0x00000238       0xa8 ./src/MCAL/UART/UART_Prog.o
 .debug_aranges
                0x000002e0       0x80 ./src/MCAL/SYSTICK/SYSTICK_prog.o
 .debug_aranges
                0x00000360       0x30 ./src/MCAL/RCC/RCC_prog.o
 .debug_aranges
                0x00000390       0x40 ./src/MCAL/GPIO/GPIO_prog.o
 .debug_aranges
                0x000003d0       0x30 ./src/MCAL/FMI/FMI_Prog.o
 .debug_aranges
                0x00000400       0x28 ./src/APP/HEXPARSER/HEXPARSER_prg.o
 .debug_aranges
                0x00000428       0x30 ./src/APP/BOOTLOADER/BOOTLOADER_program.o
 .debug_aranges
                0x00000458       0x28 ./src/_initialize_hardware.o
 .debug_aranges
                0x00000480       0x20 ./src/main.o

.debug_pubnames
 *(.debug_pubnames)

.debug_info     0x00000000     0x9901
 *(.debug_info .gnu.linkonce.wi.*)
 .debug_info    0x00000000      0x956 ./system/src/newlib/_exit.o
 .debug_info    0x00000956      0x942 ./system/src/newlib/_sbrk.o
 .debug_info    0x00001298      0x4bf ./system/src/newlib/_startup.o
 .debug_info    0x00001757      0xa19 ./system/src/newlib/_syscalls.o
 .debug_info    0x00002170      0xb2a ./system/src/diag/Trace.o
 .debug_info    0x00002c9a      0xb6b ./system/src/diag/trace_impl.o
 .debug_info    0x00003805      0xade ./system/src/cortexm/_initialize_hardware.o
 .debug_info    0x000042e3     0x115a ./system/src/cortexm/exception_handlers.o
 .debug_info    0x0000543d      0xcfe ./system/src/cmsis/system_stm32f4xx.o
 .debug_info    0x0000613b       0xca ./system/src/cmsis/vectors_stm32f401xc.o
 .debug_info    0x00006205      0x35f ./src/MCAL/UART/UART_Config.o
 .debug_info    0x00006564      0x746 ./src/MCAL/UART/UART_Prog.o
 .debug_info    0x00006caa      0x307 ./src/MCAL/SYSTICK/SYSTICK_prog.o
 .debug_info    0x00006fb1      0x3b9 ./src/MCAL/RCC/RCC_prog.o
 .debug_info    0x0000736a      0x492 ./src/MCAL/GPIO/GPIO_prog.o
 .debug_info    0x000077fc      0x242 ./src/MCAL/FMI/FMI_Prog.o
 .debug_info    0x00007a3e      0x2b0 ./src/APP/HEXPARSER/HEXPARSER_prg.o
 .debug_info    0x00007cee      0x738 ./src/APP/BOOTLOADER/BOOTLOADER_program.o
 .debug_info    0x00008426      0xcfe ./src/_initialize_hardware.o
 .debug_info    0x00009124      0x7dd ./src/main.o

.debug_abbrev   0x00000000     0x21d9
 *(.debug_abbrev)
 .debug_abbrev  0x00000000      0x1f3 ./system/src/newlib/_exit.o
 .debug_abbrev  0x000001f3      0x1fc ./system/src/newlib/_sbrk.o
 .debug_abbrev  0x000003ef      0x1cb ./system/src/newlib/_startup.o
 .debug_abbrev  0x000005ba      0x234 ./system/src/newlib/_syscalls.o
 .debug_abbrev  0x000007ee      0x276 ./system/src/diag/Trace.o
 .debug_abbrev  0x00000a64      0x2ef ./system/src/diag/trace_impl.o
 .debug_abbrev  0x00000d53      0x1de ./system/src/cortexm/_initialize_hardware.o
 .debug_abbrev  0x00000f31      0x32b ./system/src/cortexm/exception_handlers.o
 .debug_abbrev  0x0000125c      0x216 ./system/src/cmsis/system_stm32f4xx.o
 .debug_abbrev  0x00001472       0x9d ./system/src/cmsis/vectors_stm32f401xc.o
 .debug_abbrev  0x0000150f       0xa9 ./src/MCAL/UART/UART_Config.o
 .debug_abbrev  0x000015b8      0x1ae ./src/MCAL/UART/UART_Prog.o
 .debug_abbrev  0x00001766      0x13d ./src/MCAL/SYSTICK/SYSTICK_prog.o
 .debug_abbrev  0x000018a3       0xc2 ./src/MCAL/RCC/RCC_prog.o
 .debug_abbrev  0x00001965      0x11f ./src/MCAL/GPIO/GPIO_prog.o
 .debug_abbrev  0x00001a84      0x117 ./src/MCAL/FMI/FMI_Prog.o
 .debug_abbrev  0x00001b9b      0x137 ./src/APP/HEXPARSER/HEXPARSER_prg.o
 .debug_abbrev  0x00001cd2      0x1b2 ./src/APP/BOOTLOADER/BOOTLOADER_program.o
 .debug_abbrev  0x00001e84      0x234 ./src/_initialize_hardware.o
 .debug_abbrev  0x000020b8      0x121 ./src/main.o

.debug_line     0x00000000     0x56cc
 *(.debug_line)
 .debug_line    0x00000000      0x353 ./system/src/newlib/_exit.o
 .debug_line    0x00000353      0x307 ./system/src/newlib/_sbrk.o
 .debug_line    0x0000065a      0x3cf ./system/src/newlib/_startup.o
 .debug_line    0x00000a29      0x41e ./system/src/newlib/_syscalls.o
 .debug_line    0x00000e47      0x3cf ./system/src/diag/Trace.o
 .debug_line    0x00001216      0xac3 ./system/src/diag/trace_impl.o
 .debug_line    0x00001cd9      0xa2c ./system/src/cortexm/_initialize_hardware.o
 .debug_line    0x00002705      0xb7a ./system/src/cortexm/exception_handlers.o
 .debug_line    0x0000327f      0xa32 ./system/src/cmsis/system_stm32f4xx.o
 .debug_line    0x00003cb1      0x103 ./system/src/cmsis/vectors_stm32f401xc.o
 .debug_line    0x00003db4       0x8b ./src/MCAL/UART/UART_Config.o
 .debug_line    0x00003e3f      0x2b6 ./src/MCAL/UART/UART_Prog.o
 .debug_line    0x000040f5      0x1c2 ./src/MCAL/SYSTICK/SYSTICK_prog.o
 .debug_line    0x000042b7       0xe4 ./src/MCAL/RCC/RCC_prog.o
 .debug_line    0x0000439b      0x1a5 ./src/MCAL/GPIO/GPIO_prog.o
 .debug_line    0x00004540      0x12a ./src/MCAL/FMI/FMI_Prog.o
 .debug_line    0x0000466a      0x11d ./src/APP/HEXPARSER/HEXPARSER_prg.o
 .debug_line    0x00004787      0x2da ./src/APP/BOOTLOADER/BOOTLOADER_program.o
 .debug_line    0x00004a61      0xa22 ./src/_initialize_hardware.o
 .debug_line    0x00005483      0x249 ./src/main.o

.debug_frame    0x00000000      0xb74
 *(.debug_frame)
 .debug_frame   0x00000000       0x38 ./system/src/newlib/_exit.o
 .debug_frame   0x00000038       0x28 ./system/src/newlib/_sbrk.o
 .debug_frame   0x00000060       0x7c ./system/src/newlib/_startup.o
 .debug_frame   0x000000dc       0x50 ./system/src/newlib/_syscalls.o
 .debug_frame   0x0000012c       0x94 ./system/src/diag/Trace.o
 .debug_frame   0x000001c0       0x64 ./system/src/diag/trace_impl.o
 .debug_frame   0x00000224       0x40 ./system/src/cortexm/_initialize_hardware.o
 .debug_frame   0x00000264      0x158 ./system/src/cortexm/exception_handlers.o
 .debug_frame   0x000003bc       0x30 ./system/src/cmsis/system_stm32f4xx.o
 .debug_frame   0x000003ec       0x20 ./system/src/cmsis/vectors_stm32f401xc.o
 .debug_frame   0x0000040c      0x16c ./src/MCAL/UART/UART_Prog.o
 .debug_frame   0x00000578      0x110 ./src/MCAL/SYSTICK/SYSTICK_prog.o
 .debug_frame   0x00000688       0x40 ./src/MCAL/RCC/RCC_prog.o
 .debug_frame   0x000006c8       0x6c ./src/MCAL/GPIO/GPIO_prog.o
 .debug_frame   0x00000734       0x48 ./src/MCAL/FMI/FMI_Prog.o
 .debug_frame   0x0000077c       0x48 ./src/APP/HEXPARSER/HEXPARSER_prg.o
 .debug_frame   0x000007c4       0x5c ./src/APP/BOOTLOADER/BOOTLOADER_program.o
 .debug_frame   0x00000820       0x44 ./src/_initialize_hardware.o
 .debug_frame   0x00000864       0x28 ./src/main.o
 .debug_frame   0x0000088c       0x20 e:/iti/arm/imt_sdk_win_64/imt_sdk_win_64/winarm/armgcc/bin/../lib/gcc/arm-none-eabi/7.2.1/../../../../arm-none-eabi/lib/thumb/v7e-m\libg_nano.a(lib_a-errno.o)
 .debug_frame   0x000008ac       0x20 e:/iti/arm/imt_sdk_win_64/imt_sdk_win_64/winarm/armgcc/bin/../lib/gcc/arm-none-eabi/7.2.1/../../../../arm-none-eabi/lib/thumb/v7e-m\libg_nano.a(lib_a-memset.o)
 .debug_frame   0x000008cc       0x4c e:/iti/arm/imt_sdk_win_64/imt_sdk_win_64/winarm/armgcc/bin/../lib/gcc/arm-none-eabi/7.2.1/../../../../arm-none-eabi/lib/thumb/v7e-m\libg_nano.a(lib_a-vsnprintf.o)
 .debug_frame   0x00000918       0x90 e:/iti/arm/imt_sdk_win_64/imt_sdk_win_64/winarm/armgcc/bin/../lib/gcc/arm-none-eabi/7.2.1/../../../../arm-none-eabi/lib/thumb/v7e-m\libg_nano.a(lib_a-nano-svfprintf.o)
 .debug_frame   0x000009a8       0x60 e:/iti/arm/imt_sdk_win_64/imt_sdk_win_64/winarm/armgcc/bin/../lib/gcc/arm-none-eabi/7.2.1/../../../../arm-none-eabi/lib/thumb/v7e-m\libg_nano.a(lib_a-nano-vfprintf_i.o)
 .debug_frame   0x00000a08       0x28 e:/iti/arm/imt_sdk_win_64/imt_sdk_win_64/winarm/armgcc/bin/../lib/gcc/arm-none-eabi/7.2.1/../../../../arm-none-eabi/lib/thumb/v7e-m\libg_nano.a(lib_a-memcpy-stub.o)
 .debug_frame   0x00000a30       0x28 e:/iti/arm/imt_sdk_win_64/imt_sdk_win_64/winarm/armgcc/bin/../lib/gcc/arm-none-eabi/7.2.1/../../../../arm-none-eabi/lib/thumb/v7e-m\libg_nano.a(lib_a-memmove.o)
 .debug_frame   0x00000a58       0x38 e:/iti/arm/imt_sdk_win_64/imt_sdk_win_64/winarm/armgcc/bin/../lib/gcc/arm-none-eabi/7.2.1/../../../../arm-none-eabi/lib/thumb/v7e-m\libg_nano.a(lib_a-nano-freer.o)
 .debug_frame   0x00000a90       0x2c e:/iti/arm/imt_sdk_win_64/imt_sdk_win_64/winarm/armgcc/bin/../lib/gcc/arm-none-eabi/7.2.1/../../../../arm-none-eabi/lib/thumb/v7e-m\libg_nano.a(lib_a-nano-mallocr.o)
 .debug_frame   0x00000abc       0x3c e:/iti/arm/imt_sdk_win_64/imt_sdk_win_64/winarm/armgcc/bin/../lib/gcc/arm-none-eabi/7.2.1/../../../../arm-none-eabi/lib/thumb/v7e-m\libg_nano.a(lib_a-nano-reallocr.o)
 .debug_frame   0x00000af8       0x2c e:/iti/arm/imt_sdk_win_64/imt_sdk_win_64/winarm/armgcc/bin/../lib/gcc/arm-none-eabi/7.2.1/../../../../arm-none-eabi/lib/thumb/v7e-m\libg_nano.a(lib_a-sbrkr.o)
 .debug_frame   0x00000b24       0x30 e:/iti/arm/imt_sdk_win_64/imt_sdk_win_64/winarm/armgcc/bin/../lib/gcc/arm-none-eabi/7.2.1/../../../../arm-none-eabi/lib/thumb/v7e-m\libg_nano.a(lib_a-mlock.o)
 .debug_frame   0x00000b54       0x20 e:/iti/arm/imt_sdk_win_64/imt_sdk_win_64/winarm/armgcc/bin/../lib/gcc/arm-none-eabi/7.2.1/../../../../arm-none-eabi/lib/thumb/v7e-m\libg_nano.a(lib_a-nano-msizer.o)

.debug_str      0x00000000    0x74154
 *(.debug_str)
 .debug_str     0x00000000     0x7d33 ./system/src/newlib/_exit.o
                               0x7f06 (size before relaxing)
 .debug_str     0x00007d33      0x4f5 ./system/src/newlib/_sbrk.o
                               0x72b8 (size before relaxing)
 .debug_str     0x00008228      0xc23 ./system/src/newlib/_startup.o
                               0x6a59 (size before relaxing)
 .debug_str     0x00008e4b      0xe8b ./system/src/newlib/_syscalls.o
                               0x8193 (size before relaxing)
 .debug_str     0x00009cd6      0x826 ./system/src/diag/Trace.o
                               0x867e (size before relaxing)
 .debug_str     0x0000a4fc    0x67a2e ./system/src/diag/trace_impl.o
                              0x709a4 (size before relaxing)
 .debug_str     0x00071f2a       0xc4 ./system/src/cortexm/_initialize_hardware.o
                              0x6f736 (size before relaxing)
 .debug_str     0x00071fee      0x1a6 ./system/src/cortexm/exception_handlers.o
                              0x70b2e (size before relaxing)
 .debug_str     0x00072194      0x164 ./system/src/cmsis/system_stm32f4xx.o
                              0x6f817 (size before relaxing)
 .debug_str     0x000722f8       0x59 ./system/src/cmsis/vectors_stm32f401xc.o
                               0x3896 (size before relaxing)
 .debug_str     0x00072351      0x5db ./src/MCAL/UART/UART_Config.o
                               0x3798 (size before relaxing)
 .debug_str     0x0007292c      0x4b1 ./src/MCAL/UART/UART_Prog.o
                               0x3c2a (size before relaxing)
 .debug_str     0x00072ddd      0x37c ./src/MCAL/SYSTICK/SYSTICK_prog.o
                               0x321a (size before relaxing)
 .debug_str     0x00073159      0x4ff ./src/MCAL/RCC/RCC_prog.o
                               0x341f (size before relaxing)
 .debug_str     0x00073658      0x356 ./src/MCAL/GPIO/GPIO_prog.o
                               0x330c (size before relaxing)
 .debug_str     0x000739ae      0x286 ./src/MCAL/FMI/FMI_Prog.o
                               0x3119 (size before relaxing)
 .debug_str     0x00073c34      0x126 ./src/APP/HEXPARSER/HEXPARSER_prg.o
                               0x305a (size before relaxing)
 .debug_str     0x00073d5a      0x244 ./src/APP/BOOTLOADER/BOOTLOADER_program.o
                               0x3d25 (size before relaxing)
 .debug_str     0x00073f9e      0x19a ./src/_initialize_hardware.o
                              0x6f90e (size before relaxing)
 .debug_str     0x00074138       0x1c ./src/main.o
                               0x407b (size before relaxing)

.debug_loc      0x00000000     0x18a8
 *(.debug_loc)
 .debug_loc     0x00000000       0x85 ./system/src/newlib/_sbrk.o
 .debug_loc     0x00000085      0x2cb ./system/src/newlib/_startup.o
 .debug_loc     0x00000350       0x63 ./system/src/newlib/_syscalls.o
 .debug_loc     0x000003b3       0xf6 ./system/src/diag/Trace.o
 .debug_loc     0x000004a9      0x121 ./system/src/diag/trace_impl.o
 .debug_loc     0x000005ca      0x291 ./system/src/cortexm/exception_handlers.o
 .debug_loc     0x0000085b      0x13e ./system/src/cmsis/system_stm32f4xx.o
 .debug_loc     0x00000999      0x2df ./src/MCAL/UART/UART_Prog.o
 .debug_loc     0x00000c78      0x196 ./src/MCAL/SYSTICK/SYSTICK_prog.o
 .debug_loc     0x00000e0e      0x1b0 ./src/MCAL/RCC/RCC_prog.o
 .debug_loc     0x00000fbe      0x62c ./src/MCAL/GPIO/GPIO_prog.o
 .debug_loc     0x000015ea       0x95 ./src/MCAL/FMI/FMI_Prog.o
 .debug_loc     0x0000167f      0x1c9 ./src/APP/HEXPARSER/HEXPARSER_prg.o
 .debug_loc     0x00001848       0x60 ./src/APP/BOOTLOADER/BOOTLOADER_program.o

.debug_macinfo
 *(.debug_macinfo)

.debug_weaknames
 *(.debug_weaknames)

.debug_funcnames
 *(.debug_funcnames)

.debug_typenames
 *(.debug_typenames)

.debug_varnames
 *(.debug_varnames)
OUTPUT(FLASHER.elf elf32-littlearm)

.debug_ranges   0x00000000      0x418
 .debug_ranges  0x00000000       0x18 ./system/src/newlib/_exit.o
 .debug_ranges  0x00000018       0x10 ./system/src/newlib/_sbrk.o
 .debug_ranges  0x00000028       0x90 ./system/src/newlib/_startup.o
 .debug_ranges  0x000000b8       0x20 ./system/src/newlib/_syscalls.o
 .debug_ranges  0x000000d8       0x28 ./system/src/diag/Trace.o
 .debug_ranges  0x00000100       0x50 ./system/src/diag/trace_impl.o
 .debug_ranges  0x00000150       0x18 ./system/src/cortexm/_initialize_hardware.o
 .debug_ranges  0x00000168       0x80 ./system/src/cortexm/exception_handlers.o
 .debug_ranges  0x000001e8       0x18 ./system/src/cmsis/system_stm32f4xx.o
 .debug_ranges  0x00000200       0x10 ./system/src/cmsis/vectors_stm32f401xc.o
 .debug_ranges  0x00000210       0x98 ./src/MCAL/UART/UART_Prog.o
 .debug_ranges  0x000002a8       0x70 ./src/MCAL/SYSTICK/SYSTICK_prog.o
 .debug_ranges  0x00000318       0x20 ./src/MCAL/RCC/RCC_prog.o
 .debug_ranges  0x00000338       0x30 ./src/MCAL/GPIO/GPIO_prog.o
 .debug_ranges  0x00000368       0x38 ./src/MCAL/FMI/FMI_Prog.o
 .debug_ranges  0x000003a0       0x30 ./src/APP/HEXPARSER/HEXPARSER_prg.o
 .debug_ranges  0x000003d0       0x20 ./src/APP/BOOTLOADER/BOOTLOADER_program.o
 .debug_ranges  0x000003f0       0x18 ./src/_initialize_hardware.o
 .debug_ranges  0x00000408       0x10 ./src/main.o

.debug_macro    0x00000000     0x3f01
 .debug_macro   0x00000000      0x1b4 ./system/src/newlib/_exit.o
 .debug_macro   0x000001b4      0x10e ./system/src/newlib/_exit.o
 .debug_macro   0x000002c2       0x8d ./system/src/newlib/_exit.o
 .debug_macro   0x0000034f       0x35 ./system/src/newlib/_exit.o
 .debug_macro   0x00000384      0x169 ./system/src/newlib/_sbrk.o
 .debug_macro   0x000004ed      0x174 ./system/src/newlib/_sbrk.o
 .debug_macro   0x00000661       0x10 ./system/src/newlib/_sbrk.o
 .debug_macro   0x00000671      0x23b ./system/src/newlib/_sbrk.o
 .debug_macro   0x000008ac      0x173 ./system/src/newlib/_startup.o
 .debug_macro   0x00000a1f      0xa72 ./system/src/newlib/_startup.o
 .debug_macro   0x00001491      0x217 ./system/src/newlib/_syscalls.o
 .debug_macro   0x000016a8       0x1c ./system/src/newlib/_syscalls.o
 .debug_macro   0x000016c4       0x10 ./system/src/newlib/_syscalls.o
 .debug_macro   0x000016d4       0x10 ./system/src/newlib/_syscalls.o
 .debug_macro   0x000016e4       0x10 ./system/src/newlib/_syscalls.o
 .debug_macro   0x000016f4       0x35 ./system/src/newlib/_syscalls.o
 .debug_macro   0x00001729      0x122 ./system/src/newlib/_syscalls.o
 .debug_macro   0x0000184b       0x88 ./system/src/newlib/_syscalls.o
 .debug_macro   0x000018d3       0x2b ./system/src/newlib/_syscalls.o
 .debug_macro   0x000018fe      0x118 ./system/src/newlib/_syscalls.o
 .debug_macro   0x00001a16      0x189 ./system/src/newlib/_syscalls.o
 .debug_macro   0x00001b9f       0x16 ./system/src/newlib/_syscalls.o
 .debug_macro   0x00001bb5      0x1fb ./system/src/diag/Trace.o
 .debug_macro   0x00001db0       0x4c ./system/src/diag/Trace.o
 .debug_macro   0x00001dfc       0x16 ./system/src/diag/Trace.o
 .debug_macro   0x00001e12      0x52a ./system/src/diag/trace_impl.o
 .debug_macro   0x0000233c       0x22 ./system/src/diag/trace_impl.o
 .debug_macro   0x0000235e      0x4ee ./system/src/cortexm/_initialize_hardware.o
 .debug_macro   0x0000284c      0x557 ./system/src/cortexm/exception_handlers.o
 .debug_macro   0x00002da3       0x3b ./system/src/cortexm/exception_handlers.o
 .debug_macro   0x00002dde      0x4ea ./system/src/cmsis/system_stm32f4xx.o
 .debug_macro   0x000032c8       0x34 ./system/src/cmsis/vectors_stm32f401xc.o
 .debug_macro   0x000032fc       0x38 ./src/MCAL/UART/UART_Config.o
 .debug_macro   0x00003334       0x10 ./src/MCAL/UART/UART_Config.o
 .debug_macro   0x00003344       0xa0 ./src/MCAL/UART/UART_Config.o
 .debug_macro   0x000033e4       0x28 ./src/MCAL/UART/UART_Config.o
 .debug_macro   0x0000340c       0x65 ./src/MCAL/UART/UART_Prog.o
 .debug_macro   0x00003471       0x22 ./src/MCAL/UART/UART_Prog.o
 .debug_macro   0x00003493       0xa6 ./src/MCAL/UART/UART_Prog.o
 .debug_macro   0x00003539       0x1c ./src/MCAL/UART/UART_Prog.o
 .debug_macro   0x00003555       0x28 ./src/MCAL/UART/UART_Prog.o
 .debug_macro   0x0000357d       0x53 ./src/MCAL/SYSTICK/SYSTICK_prog.o
 .debug_macro   0x000035d0       0x5e ./src/MCAL/SYSTICK/SYSTICK_prog.o
 .debug_macro   0x0000362e       0x10 ./src/MCAL/SYSTICK/SYSTICK_prog.o
 .debug_macro   0x0000363e       0x4b ./src/MCAL/RCC/RCC_prog.o
 .debug_macro   0x00003689       0xfa ./src/MCAL/RCC/RCC_prog.o
 .debug_macro   0x00003783       0x16 ./src/MCAL/RCC/RCC_prog.o
 .debug_macro   0x00003799       0x46 ./src/MCAL/GPIO/GPIO_prog.o
 .debug_macro   0x000037df       0x40 ./src/MCAL/FMI/FMI_Prog.o
 .debug_macro   0x0000381f       0x52 ./src/MCAL/FMI/FMI_Prog.o
 .debug_macro   0x00003871       0x33 ./src/APP/HEXPARSER/HEXPARSER_prg.o
 .debug_macro   0x000038a4       0x82 ./src/APP/BOOTLOADER/BOOTLOADER_program.o
 .debug_macro   0x00003926       0x1c ./src/APP/BOOTLOADER/BOOTLOADER_program.o
 .debug_macro   0x00003942       0x2e ./src/APP/BOOTLOADER/BOOTLOADER_program.o
 .debug_macro   0x00003970      0x4e4 ./src/_initialize_hardware.o
 .debug_macro   0x00003e54       0xad ./src/main.o
