Archive member included to satisfy reference by file (symbol)

e:/iti/arm/imt_sdk_win_64/imt_sdk_win_64/winarm/armgcc/bin/../lib/gcc/arm-none-eabi/7.2.1/../../../../arm-none-eabi/lib/thumb/v7e-m\libg_nano.a(lib_a-errno.o)
                              ./system/src/newlib/_sbrk.o (__errno)
e:/iti/arm/imt_sdk_win_64/imt_sdk_win_64/winarm/armgcc/bin/../lib/gcc/arm-none-eabi/7.2.1/../../../../arm-none-eabi/lib/thumb/v7e-m\libg_nano.a(lib_a-impure.o)
                              e:/iti/arm/imt_sdk_win_64/imt_sdk_win_64/winarm/armgcc/bin/../lib/gcc/arm-none-eabi/7.2.1/../../../../arm-none-eabi/lib/thumb/v7e-m\libg_nano.a(lib_a-errno.o) (_impure_ptr)
e:/iti/arm/imt_sdk_win_64/imt_sdk_win_64/winarm/armgcc/bin/../lib/gcc/arm-none-eabi/7.2.1/../../../../arm-none-eabi/lib/thumb/v7e-m\libg_nano.a(lib_a-memset.o)
                              ./src/APP/BOOTLOADER/BOOTLOADER_program.o (memset)
e:/iti/arm/imt_sdk_win_64/imt_sdk_win_64/winarm/armgcc/bin/../lib/gcc/arm-none-eabi/7.2.1/../../../../arm-none-eabi/lib/thumb/v7e-m\libg_nano.a(lib_a-strlen.o)
                              ./system/src/diag/Trace.o (strlen)
e:/iti/arm/imt_sdk_win_64/imt_sdk_win_64/winarm/armgcc/bin/../lib/gcc/arm-none-eabi/7.2.1/../../../../arm-none-eabi/lib/thumb/v7e-m\libg_nano.a(lib_a-vsnprintf.o)
                              ./system/src/diag/Trace.o (vsnprintf)
e:/iti/arm/imt_sdk_win_64/imt_sdk_win_64/winarm/armgcc/bin/../lib/gcc/arm-none-eabi/7.2.1/../../../../arm-none-eabi/lib/thumb/v7e-m\libg_nano.a(lib_a-nano-svfprintf.o)
                              e:/iti/arm/imt_sdk_win_64/imt_sdk_win_64/winarm/armgcc/bin/../lib/gcc/arm-none-eabi/7.2.1/../../../../arm-none-eabi/lib/thumb/v7e-m\libg_nano.a(lib_a-vsnprintf.o) (_svfprintf_r)
e:/iti/arm/imt_sdk_win_64/imt_sdk_win_64/winarm/armgcc/bin/../lib/gcc/arm-none-eabi/7.2.1/../../../../arm-none-eabi/lib/thumb/v7e-m\libg_nano.a(lib_a-nano-vfprintf_i.o)
                              e:/iti/arm/imt_sdk_win_64/imt_sdk_win_64/winarm/armgcc/bin/../lib/gcc/arm-none-eabi/7.2.1/../../../../arm-none-eabi/lib/thumb/v7e-m\libg_nano.a(lib_a-nano-svfprintf.o) (_printf_i)
e:/iti/arm/imt_sdk_win_64/imt_sdk_win_64/winarm/armgcc/bin/../lib/gcc/arm-none-eabi/7.2.1/../../../../arm-none-eabi/lib/thumb/v7e-m\libg_nano.a(lib_a-memchr.o)
                              e:/iti/arm/imt_sdk_win_64/imt_sdk_win_64/winarm/armgcc/bin/../lib/gcc/arm-none-eabi/7.2.1/../../../../arm-none-eabi/lib/thumb/v7e-m\libg_nano.a(lib_a-nano-svfprintf.o) (memchr)
e:/iti/arm/imt_sdk_win_64/imt_sdk_win_64/winarm/armgcc/bin/../lib/gcc/arm-none-eabi/7.2.1/../../../../arm-none-eabi/lib/thumb/v7e-m\libg_nano.a(lib_a-memcpy-stub.o)
                              e:/iti/arm/imt_sdk_win_64/imt_sdk_win_64/winarm/armgcc/bin/../lib/gcc/arm-none-eabi/7.2.1/../../../../arm-none-eabi/lib/thumb/v7e-m\libg_nano.a(lib_a-nano-svfprintf.o) (memcpy)
e:/iti/arm/imt_sdk_win_64/imt_sdk_win_64/winarm/armgcc/bin/../lib/gcc/arm-none-eabi/7.2.1/../../../../arm-none-eabi/lib/thumb/v7e-m\libg_nano.a(lib_a-memmove.o)
                              e:/iti/arm/imt_sdk_win_64/imt_sdk_win_64/winarm/armgcc/bin/../lib/gcc/arm-none-eabi/7.2.1/../../../../arm-none-eabi/lib/thumb/v7e-m\libg_nano.a(lib_a-nano-svfprintf.o) (memmove)
e:/iti/arm/imt_sdk_win_64/imt_sdk_win_64/winarm/armgcc/bin/../lib/gcc/arm-none-eabi/7.2.1/../../../../arm-none-eabi/lib/thumb/v7e-m\libg_nano.a(lib_a-nano-freer.o)
                              e:/iti/arm/imt_sdk_win_64/imt_sdk_win_64/winarm/armgcc/bin/../lib/gcc/arm-none-eabi/7.2.1/../../../../arm-none-eabi/lib/thumb/v7e-m\libg_nano.a(lib_a-nano-svfprintf.o) (_free_r)
e:/iti/arm/imt_sdk_win_64/imt_sdk_win_64/winarm/armgcc/bin/../lib/gcc/arm-none-eabi/7.2.1/../../../../arm-none-eabi/lib/thumb/v7e-m\libg_nano.a(lib_a-nano-mallocr.o)
                              e:/iti/arm/imt_sdk_win_64/imt_sdk_win_64/winarm/armgcc/bin/../lib/gcc/arm-none-eabi/7.2.1/../../../../arm-none-eabi/lib/thumb/v7e-m\libg_nano.a(lib_a-nano-svfprintf.o) (_malloc_r)
e:/iti/arm/imt_sdk_win_64/imt_sdk_win_64/winarm/armgcc/bin/../lib/gcc/arm-none-eabi/7.2.1/../../../../arm-none-eabi/lib/thumb/v7e-m\libg_nano.a(lib_a-nano-reallocr.o)
                              e:/iti/arm/imt_sdk_win_64/imt_sdk_win_64/winarm/armgcc/bin/../lib/gcc/arm-none-eabi/7.2.1/../../../../arm-none-eabi/lib/thumb/v7e-m\libg_nano.a(lib_a-nano-svfprintf.o) (_realloc_r)
e:/iti/arm/imt_sdk_win_64/imt_sdk_win_64/winarm/armgcc/bin/../lib/gcc/arm-none-eabi/7.2.1/../../../../arm-none-eabi/lib/thumb/v7e-m\libg_nano.a(lib_a-sbrkr.o)
                              e:/iti/arm/imt_sdk_win_64/imt_sdk_win_64/winarm/armgcc/bin/../lib/gcc/arm-none-eabi/7.2.1/../../../../arm-none-eabi/lib/thumb/v7e-m\libg_nano.a(lib_a-nano-mallocr.o) (_sbrk_r)
e:/iti/arm/imt_sdk_win_64/imt_sdk_win_64/winarm/armgcc/bin/../lib/gcc/arm-none-eabi/7.2.1/../../../../arm-none-eabi/lib/thumb/v7e-m\libg_nano.a(lib_a-mlock.o)
[...]
Memory Configuration

Name             Origin             Length             Attributes
RAM              0x20000000         0x00010000         xrw
CCMRAM           0x10000000         0x00000000         xrw
FLASH            0x08000000         0x00008000         xr
FLASHB1          0x00000000         0x00000000         xr
EXTMEMB0         0x00000000         0x00000000         xr
EXTMEMB1         0x00000000         0x00000000         xr
EXTMEMB2         0x00000000         0x00000000         xr
EXTMEMB3         0x00000000         0x00000000         xr
*default*        0x00000000         0xffffffff

Linker script and memory map

LOAD ./system/src/stm32f4-hal/stm32f4xx_hal.o
LOAD ./system/src/stm32f4-hal/stm32f4xx_hal_cortex.o
LOAD ./system/src/stm32f4-hal/stm32f4xx_hal_dfsdm.o
LOAD ./system/src/stm32f4-hal/stm32f4xx_hal_flash.o
LOAD ./system/src/stm32f4-hal/stm32f4xx_hal_gpio.o
LOAD ./system/src/stm32f4-hal/stm32f4xx_hal_iwdg.o
LOAD ./system/src/stm32f4-hal/stm32f4xx_hal_pwr.o
LOAD ./system/src/stm32f4-hal/stm32f4xx_hal_rcc.o
LOAD ./system/src/newlib/_cxx.o
LOAD ./system/src/newlib/_exit.o
LOAD ./system/src/newlib/_sbrk.o
LOAD ./system/src/newlib/_startup.o
LOAD ./system/src/newlib/_syscalls.o
LOAD ./system/src/newlib/assert.o
LOAD ./system/src/diag/Trace.o
LOAD ./system/src/diag/trace_impl.o
LOAD ./system/src/cortexm/_initialize_hardware.o
LOAD ./system/src/cortexm/_reset_hardware.o
LOAD ./system/src/cortexm/exception_handlers.o
LOAD ./system/src/cmsis/system_stm32f4xx.o
LOAD ./system/src/cmsis/vectors_stm32f401xc.o
LOAD ./src/MCAL/UART/UART_Config.o
LOAD ./src/MCAL/UART/UART_Prog.o
LOAD ./src/MCAL/SYSTICK/SYSTICK_prog.o
LOAD ./src/MCAL/RCC/RCC_prog.o
LOAD ./src/MCAL/NVIC/NVIC_prog.o
LOAD ./src/MCAL/GPIO/GPIO_prog.o
LOAD ./src/MCAL/FMI/FMI_Prog.o
LOAD ./src/MCAL/CRC/CRC_program.o
LOAD ./src/APP/HEXPARSER/HEXPARSER_prg.o
LOAD ./src/APP/BOOTLOADER/BOOTLOADER_program.o
LOAD ./src/_initialize_hardware.o
LOAD ./src/main.o
LOAD ./src/stm32f4xx_hal_msp.o
LOAD e:/iti/arm/imt_sdk_win_64/imt_sdk_win_64/winarm/armgcc/bin/../lib/gcc/arm-none-eabi/7.2.1/../../../../arm-none-eabi/lib/thumb/v7e-m\libstdc++_nano.a
LOAD e:/iti/arm/imt_sdk_win_64/imt_sdk_win_64/winarm/armgcc/bin/../lib/gcc/arm-none-eabi/7.2.1/../../../../arm-none-eabi/lib/thumb/v7e-m\libm.a
START GROUP
LOAD e:/iti/arm/imt_sdk_win_64/imt_sdk_win_64/winarm/armgcc/bin/../lib/gcc/arm-none-eabi/7.2.1/thumb/v7e-m\libgcc.a
LOAD e:/iti/arm/imt_sdk_win_64/imt_sdk_win_64/winarm/armgcc/bin/../lib/gcc/arm-none-eabi/7.2.1/../../../../arm-none-eabi/lib/thumb/v7e-m\libg_nano.a
LOAD e:/iti/arm/imt_sdk_win_64/imt_sdk_win_64/winarm/armgcc/bin/../lib/gcc/arm-none-eabi/7.2.1/../../../../arm-none-eabi/lib/thumb/v7e-m\libc_nano.a
END GROUP
START GROUP
LOAD e:/iti/arm/imt_sdk_win_64/imt_sdk_win_64/winarm/armgcc/bin/../lib/gcc/arm-none-eabi/7.2.1/thumb/v7e-m\libgcc.a
LOAD e:/iti/arm/imt_sdk_win_64/imt_sdk_win_64/winarm/armgcc/bin/../lib/gcc/arm-none-eabi/7.2.1/../../../../arm-none-eabi/lib/thumb/v7e-m\libc_nano.a
END GROUP
                0x20010000                __stack = (ORIGIN (RAM) + LENGTH (RAM))
                0x20010000                _estack = __stack
                0x00000400                __Main_Stack_Size = 0x400
                [!provide]                PROVIDE (_Main_Stack_Size, __Main_Stack_Size)
                0x2000fc00                __Main_Stack_Limit = (__stack - __Main_Stack_Size)
                [!provide]                PROVIDE (_Main_Stack_Limit, __Main_Stack_Limit)
                0x00000100                _Minimum_Stack_Size = 0x100
                0x2000016c                PROVIDE (_Heap_Begin, _end_noinit)
                0x2000fc00                PROVIDE (_Heap_Limit, (__stack - __Main_Stack_Size))

.isr_vector     0x08000000      0x4d8
 FILL mask 0xff
                0x08000000                __vectors_start = ABSOLUTE (.)
                0x08000000                __vectors_start__ = ABSOLUTE (.)
 *(.isr_vector)
 .isr_vector    0x08000000      0x194 ./system/src/cmsis/vectors_stm32f401xc.o
                0x08000000                __isr_vectors
 *(.cfmconfig)
 *(.after_vectors .after_vectors.*)
 .after_vectors
                0x08000194      0x1c4 ./system/src/newlib/_startup.o
                0x08000194                _start
 .after_vectors
                0x08000358      0x178 ./system/src/cortexm/exception_handlers.o
                0x08000358                Reset_Handler
                0x08000360                NMI_Handler
                0x08000368                HardFault_Handler
                0x0800037e                HardFault_Handler_C
                0x080003f0                MemManage_Handler
                0x080003f8                BusFault_Handler
                0x0800040e                BusFault_Handler_C
                0x0800044c                UsageFault_Handler
                0x08000462                UsageFault_Handler_C
                0x080004a0                SVC_Handler
                0x080004a8                DebugMon_Handler
                0x080004b0                PendSV_Handler
 .after_vectors
                0x080004d0        0x8 ./system/src/cmsis/vectors_stm32f401xc.o
                0x080004d0                RTC_Alarm_IRQHandler
                0x080004d0                EXTI2_IRQHandler
                0x080004d0                SPI4_IRQHandler
                0x080004d0                TIM1_CC_IRQHandler
                0x080004d0                DMA2_Stream5_IRQHandler
                0x080004d0                DMA1_Stream5_IRQHandler
                0x080004d0                PVD_IRQHandler
                0x080004d0                SDIO_IRQHandler
                0x080004d0                TAMP_STAMP_IRQHandler
                0x080004d0                EXTI3_IRQHandler
                0x080004d0                TIM1_UP_TIM10_IRQHandler
                0x080004d0                I2C3_ER_IRQHandler
                0x080004d0                EXTI0_IRQHandler
                0x080004d0                I2C2_EV_IRQHandler
                0x080004d0                DMA1_Stream2_IRQHandler
                0x080004d0                FPU_IRQHandler
                0x080004d0                DMA2_Stream2_IRQHandler
                0x080004d0                SPI1_IRQHandler
                0x080004d0                TIM1_BRK_TIM9_IRQHandler
                0x080004d0                DMA2_Stream3_IRQHandler
                0x080004d0                DMA2_Stream0_IRQHandler
                0x080004d0                TIM4_IRQHandler
                0x080004d0                I2C1_EV_IRQHandler
                0x080004d0                DMA1_Stream6_IRQHandler
                0x080004d0                DMA1_Stream1_IRQHandler
                0x080004d0                TIM3_IRQHandler
                0x080004d0                RCC_IRQHandler
                0x080004d0                Default_Handler
                0x080004d0                EXTI15_10_IRQHandler
                0x080004d0                ADC_IRQHandler
                0x080004d0                DMA1_Stream7_IRQHandler
                0x080004d0                TIM5_IRQHandler
                0x080004d0                DMA2_Stream7_IRQHandler
                0x080004d0                I2C3_EV_IRQHandler
                0x080004d0                EXTI9_5_IRQHandler
                0x080004d0                RTC_WKUP_IRQHandler
                0x080004d0                SPI2_IRQHandler
                0x080004d0                DMA1_Stream0_IRQHandler
                0x080004d0                EXTI4_IRQHandler
                0x080004d0                WWDG_IRQHandler
                0x080004d0                TIM2_IRQHandler
                0x080004d0                OTG_FS_WKUP_IRQHandler
                0x080004d0                TIM1_TRG_COM_TIM11_IRQHandler
                0x080004d0                EXTI1_IRQHandler
                0x080004d0                I2C2_ER_IRQHandler
                0x080004d0                DMA2_Stream1_IRQHandler
                0x080004d0                FLASH_IRQHandler
                0x080004d0                DMA2_Stream4_IRQHandler
                0x080004d0                OTG_FS_IRQHandler
                0x080004d0                SPI3_IRQHandler
                0x080004d0                DMA1_Stream4_IRQHandler
                0x080004d0                I2C1_ER_IRQHandler
                0x080004d0                DMA2_Stream6_IRQHandler
                0x080004d0                DMA1_Stream3_IRQHandler

.inits          0x080004d8       0x28
                0x080004d8                __data_regions_array_start = .
                0x080004d8        0x4 LONG 0x80024f4 LOADADDR (.data)
                0x080004dc        0x4 LONG 0x20000000 ADDR (.data)
                0x080004e0        0x4 LONG 0x200000b4 (ADDR (.data) + SIZEOF (.data))
                0x080004e4        0x4 LONG 0x80024f4 LOADADDR (.data_CCMRAM)
                0x080004e8        0x4 LONG 0x10000000 ADDR (.data_CCMRAM)
                0x080004ec        0x4 LONG 0x10000000 (ADDR (.data_CCMRAM) + SIZEOF (.data_CCMRAM))
                0x080004f0                __data_regions_array_end = .
                0x080004f0                __bss_regions_array_start = .
                0x080004f0        0x4 LONG 0x200000b4 ADDR (.bss)
                0x080004f4        0x4 LONG 0x2000016c (ADDR (.bss) + SIZEOF (.bss))
                0x080004f8        0x4 LONG 0x10000000 ADDR (.bss_CCMRAM)
                0x080004fc        0x4 LONG 0x10000000 (ADDR (.bss_CCMRAM) + SIZEOF (.bss_CCMRAM))
                0x08000500                __bss_regions_array_end = .
 *(.init)
 *(.fini)
                0x08000500                . = ALIGN (0x4)
                0x08000500                PROVIDE (__preinit_array_start, .)
 *(.preinit_array_sysinit .preinit_array_sysinit.*)
 *(.preinit_array_platform .preinit_array_platform.*)
 *(.preinit_array .preinit_array.*)
                0x08000500                PROVIDE (__preinit_array_end, .)
                0x08000500                . = ALIGN (0x4)
                0x08000500                PROVIDE (__init_array_start, .)
 *(SORT_BY_NAME(.init_array.*))
 *(.init_array)
                0x08000500                PROVIDE (__init_array_end, .)
                0x08000500                . = ALIGN (0x4)
                0x08000500                PROVIDE (__fini_array_start, .)
 *(SORT_BY_NAME(.fini_array.*))
 *(.fini_array)
                0x08000500                PROVIDE (__fini_array_end, .)

.flashtext
 *(.flashtext .flashtext.*)

.text           0x08000500     0x1ff1
 *(.text .text.*)
 .text._exit    0x08000500        0xa ./system/src/newlib/_exit.o
                0x08000500                _exit
 *fill*         0x0800050a        0x2 
 .text._sbrk    0x0800050c       0x68 ./system/src/newlib/_sbrk.o
                0x0800050c                _sbrk
 .text.__initialize_args
                0x08000574       0x24 ./system/src/newlib/_syscalls.o
                0x08000574                __initialize_args
 .text.trace_printf
                0x08000598       0x44 ./system/src/diag/Trace.o
                0x08000598                trace_printf
 .text.trace_write
                0x080005dc       0x1c ./system/src/diag/trace_impl.o
                0x080005dc                trace_write
 .text._trace_write_semihosting_debug
                0x080005f8       0xa8 ./system/src/diag/trace_impl.o
 .text.__initialize_hardware_early
                0x080006a0       0x1c ./system/src/cortexm/_initialize_hardware.o
                0x080006a0                __initialize_hardware_early
 .text.dumpExceptionStack
                0x080006bc      0x12c ./system/src/cortexm/exception_handlers.o
                0x080006bc                dumpExceptionStack
 .text.isSemihosting
                0x080007e8       0x50 ./system/src/cortexm/exception_handlers.o
                0x080007e8                isSemihosting
 .text.SystemInit
                0x08000838       0x5c ./system/src/cmsis/system_stm32f4xx.o
                0x08000838                SystemInit
 .text.MUART_vInit
                0x08000894      0x1ac ./src/MCAL/UART/UART_Prog.o
                0x08000894                MUART_vInit
 .text.MUART_vEnable
                0x08000a40       0x32 ./src/MCAL/UART/UART_Prog.o
                0x08000a40                MUART_vEnable
 .text.MUART_vTransmitByteSynch
                0x08000a72       0x66 ./src/MCAL/UART/UART_Prog.o
                0x08000a72                MUART_vTransmitByteSynch
 .text.MUART_u8ReceiveByteSynchBlocking
                0x08000ad8       0x2e ./src/MCAL/UART/UART_Prog.o
                0x08000ad8                MUART_u8ReceiveByteSynchBlocking
 .text.MUART_voidClearFlags
                0x08000b06       0x18 ./src/MCAL/UART/UART_Prog.o
                0x08000b06                MUART_voidClearFlags
 *fill*         0x08000b1e        0x2 
 .text.USART1_IRQHandler
                0x08000b20       0x24 ./src/MCAL/UART/UART_Prog.o
                0x08000b20                USART1_IRQHandler
 .text.USART2_IRQHandler
                0x08000b44       0x24 ./src/MCAL/UART/UART_Prog.o
                0x08000b44                USART2_IRQHandler
 .text.USART6_IRQHandler
                0x08000b68       0x24 ./src/MCAL/UART/UART_Prog.o
                0x08000b68                USART6_IRQHandler
 .text.MSTK_vInit
                0x08000b8c       0x28 ./src/MCAL/SYSTICK/SYSTICK_prog.o
                0x08000b8c                MSTK_vInit
 .text.MSTK_vStopTimer
                0x08000bb4       0x1c ./src/MCAL/SYSTICK/SYSTICK_prog.o
                0x08000bb4                MSTK_vStopTimer
 .text.MSTK_vSetIntervalSingle
                0x08000bd0       0x54 ./src/MCAL/SYSTICK/SYSTICK_prog.o
                0x08000bd0                MSTK_vSetIntervalSingle
 .text.SysTick_Handler
                0x08000c24       0x30 ./src/MCAL/SYSTICK/SYSTICK_prog.o
                0x08000c24                SysTick_Handler
 .text.MRCC_vInit
                0x08000c54       0x64 ./src/MCAL/RCC/RCC_prog.o
                0x08000c54                MRCC_vInit
 .text.MRCC_vEnableClock
                0x08000cb8       0x94 ./src/MCAL/RCC/RCC_prog.o
                0x08000cb8                MRCC_vEnableClock
 .text.MGPIO_vInit
                0x08000d4c      0x480 ./src/MCAL/GPIO/GPIO_prog.o
                0x08000d4c                MGPIO_vInit
 .text.MFMI_vEraseSector
                0x080011cc       0xa8 ./src/MCAL/FMI/FMI_Prog.o
                0x080011cc                MFMI_vEraseSector
 .text.MFMI_vFlashWrite
                0x08001274       0xcc ./src/MCAL/FMI/FMI_Prog.o
                0x08001274                MFMI_vFlashWrite
 .text.CRC_vReset
                0x08001340       0x1c ./src/MCAL/CRC/CRC_program.o
                0x08001340                CRC_vReset
 .text.CRC_vCrcHWCalculator
                0x0800135c      0x110 ./src/MCAL/CRC/CRC_program.o
                0x0800135c                CRC_vCrcHWCalculator
 .text.HEXPARSER_su8AsciiToHex
                0x0800146c       0x54 ./src/APP/HEXPARSER/HEXPARSER_prg.o
                0x0800146c                HEXPARSER_su8AsciiToHex
 .text.HEXPARESR_vParseRecordAndFlashIt
                0x080014c0      0x204 ./src/APP/HEXPARSER/HEXPARSER_prg.o
                0x080014c0                HEXPARESR_vParseRecordAndFlashIt
 .text.APP_vBootloaderGetActiveBank
                0x080016c4       0x8c ./src/APP/BOOTLOADER/BOOTLOADER_program.o
 .text.APP_u32BootloaderRecordvalidation
                0x08001750       0x7a ./src/APP/BOOTLOADER/BOOTLOADER_program.o
 *fill*         0x080017ca        0x2 
 .text.APP_vBootloaderJump
                0x080017cc       0x64 ./src/APP/BOOTLOADER/BOOTLOADER_program.o
 .text.APP_vBootloaderInit
                0x08001830       0x9c ./src/APP/BOOTLOADER/BOOTLOADER_program.o
                0x08001830                APP_vBootloaderInit
 .text.APP_vBootloaderWrite
                0x080018cc      0x148 ./src/APP/BOOTLOADER/BOOTLOADER_program.o
                0x080018cc                APP_vBootloaderWrite
 .text.__initialize_hardware
                0x08001a14        0xc ./src/_initialize_hardware.o
                0x08001a14                __initialize_hardware
 .text.main     0x08001a20       0x58 ./src/main.o
                0x08001a20                main
 .text.__errno  0x08001a78        0xc e:/iti/arm/imt_sdk_win_64/imt_sdk_win_64/winarm/armgcc/bin/../lib/gcc/arm-none-eabi/7.2.1/../../../../arm-none-eabi/lib/thumb/v7e-m\libg_nano.a(lib_a-errno.o)
                0x08001a78                __errno
 .text.memset   0x08001a84       0x10 e:/iti/arm/imt_sdk_win_64/imt_sdk_win_64/winarm/armgcc/bin/../lib/gcc/arm-none-eabi/7.2.1/../../../../arm-none-eabi/lib/thumb/v7e-m\libg_nano.a(lib_a-memset.o)
                0x08001a84                memset
 .text._vsnprintf_r
                0x08001a94       0x58 e:/iti/arm/imt_sdk_win_64/imt_sdk_win_64/winarm/armgcc/bin/../lib/gcc/arm-none-eabi/7.2.1/../../../../arm-none-eabi/lib/thumb/v7e-m\libg_nano.a(lib_a-vsnprintf.o)
                0x08001a94                _vsniprintf_r
                0x08001a94                _vsnprintf_r
 .text.vsnprintf
                0x08001aec       0x1c e:/iti/arm/imt_sdk_win_64/imt_sdk_win_64/winarm/armgcc/bin/../lib/gcc/arm-none-eabi/7.2.1/../../../../arm-none-eabi/lib/thumb/v7e-m\libg_nano.a(lib_a-vsnprintf.o)
                0x08001aec                vsniprintf
                0x08001aec                vsnprintf
 .text.__ssputs_r
                0x08001b08       0xb4 e:/iti/arm/imt_sdk_win_64/imt_sdk_win_64/winarm/armgcc/bin/../lib/gcc/arm-none-eabi/7.2.1/../../../../arm-none-eabi/lib/thumb/v7e-m\libg_nano.a(lib_a-nano-svfprintf.o)
                0x08001b08                __ssputs_r
 .text._svfprintf_r
                0x08001bbc      0x1ec e:/iti/arm/imt_sdk_win_64/imt_sdk_win_64/winarm/armgcc/bin/../lib/gcc/arm-none-eabi/7.2.1/../../../../arm-none-eabi/lib/thumb/v7e-m\libg_nano.a(lib_a-nano-svfprintf.o)
                0x08001bbc                _svfiprintf_r
                0x08001bbc                _svfprintf_r
 .text._printf_common
                0x08001da8       0xea e:/iti/arm/imt_sdk_win_64/imt_sdk_win_64/winarm/armgcc/bin/../lib/gcc/arm-none-eabi/7.2.1/../../../../arm-none-eabi/lib/thumb/v7e-m\libg_nano.a(lib_a-nano-vfprintf_i.o)
                0x08001da8                _printf_common
 *fill*         0x08001e92        0x2 
 .text._printf_i
                0x08001e94      0x224 e:/iti/arm/imt_sdk_win_64/imt_sdk_win_64/winarm/armgcc/bin/../lib/gcc/arm-none-eabi/7.2.1/../../../../arm-none-eabi/lib/thumb/v7e-m\libg_nano.a(lib_a-nano-vfprintf_i.o)
                0x08001e94                _printf_i
 *fill*         0x080020b8        0x8 
 .text          0x080020c0       0xa0 e:/iti/arm/imt_sdk_win_64/imt_sdk_win_64/winarm/armgcc/bin/../lib/gcc/arm-none-eabi/7.2.1/../../../../arm-none-eabi/lib/thumb/v7e-m\libg_nano.a(lib_a-memchr.o)
                0x080020c0                memchr
 .text.memcpy   0x08002160       0x16 e:/iti/arm/imt_sdk_win_64/imt_sdk_win_64/winarm/armgcc/bin/../lib/gcc/arm-none-eabi/7.2.1/../../../../arm-none-eabi/lib/thumb/v7e-m\libg_nano.a(lib_a-memcpy-stub.o)
                0x08002160                memcpy
 .text.memmove  0x08002176       0x32 e:/iti/arm/imt_sdk_win_64/imt_sdk_win_64/winarm/armgcc/bin/../lib/gcc/arm-none-eabi/7.2.1/../../../../arm-none-eabi/lib/thumb/v7e-m\libg_nano.a(lib_a-memmove.o)
                0x08002176                memmove
 .text._free_r  0x080021a8       0x9c e:/iti/arm/imt_sdk_win_64/imt_sdk_win_64/winarm/armgcc/bin/../lib/gcc/arm-none-eabi/7.2.1/../../../../arm-none-eabi/lib/thumb/v7e-m\libg_nano.a(lib_a-nano-freer.o)
                0x080021a8                _free_r
 .text._malloc_r
                0x08002244       0xb4 e:/iti/arm/imt_sdk_win_64/imt_sdk_win_64/winarm/armgcc/bin/../lib/gcc/arm-none-eabi/7.2.1/../../../../arm-none-eabi/lib/thumb/v7e-m\libg_nano.a(lib_a-nano-mallocr.o)
                0x08002244                _malloc_r
 .text._realloc_r
                0x080022f8       0x4c e:/iti/arm/imt_sdk_win_64/imt_sdk_win_64/winarm/armgcc/bin/../lib/gcc/arm-none-eabi/7.2.1/../../../../arm-none-eabi/lib/thumb/v7e-m\libg_nano.a(lib_a-nano-reallocr.o)
                0x080022f8                _realloc_r
 .text._sbrk_r  0x08002344       0x20 e:/iti/arm/imt_sdk_win_64/imt_sdk_win_64/winarm/armgcc/bin/../lib/gcc/arm-none-eabi/7.2.1/../../../../arm-none-eabi/lib/thumb/v7e-m\libg_nano.a(lib_a-sbrkr.o)
                0x08002344                _sbrk_r
 .text.__malloc_lock
                0x08002364        0x2 e:/iti/arm/imt_sdk_win_64/imt_sdk_win_64/winarm/armgcc/bin/../lib/gcc/arm-none-eabi/7.2.1/../../../../arm-none-eabi/lib/thumb/v7e-m\libg_nano.a(lib_a-mlock.o)
                0x08002364                __malloc_lock
 .text.__malloc_unlock
                0x08002366        0x2 e:/iti/arm/imt_sdk_win_64/imt_sdk_win_64/winarm/armgcc/bin/../lib/gcc/arm-none-eabi/7.2.1/../../../../arm-none-eabi/lib/thumb/v7e-m\libg_nano.a(lib_a-mlock.o)
                0x08002366                __malloc_unlock
 .text._malloc_usable_size_r
                0x08002368       0x10 e:/iti/arm/imt_sdk_win_64/imt_sdk_win_64/winarm/armgcc/bin/../lib/gcc/arm-none-eabi/7.2.1/../../../../arm-none-eabi/lib/thumb/v7e-m\libg_nano.a(lib_a-nano-msizer.o)
                0x08002368                _malloc_usable_size_r
 *(.rodata .rodata.* .constdata .constdata.*)
 .rodata        0x08002378      0x146 ./system/src/cortexm/exception_handlers.o
 .rodata._svfprintf_r.str1.1
                0x080024be       0x11 e:/iti/arm/imt_sdk_win_64/imt_sdk_win_64/winarm/armgcc/bin/../lib/gcc/arm-none-eabi/7.2.1/../../../../arm-none-eabi/lib/thumb/v7e-m\libg_nano.a(lib_a-nano-svfprintf.o)
 .rodata._printf_i.str1.1
                0x080024cf       0x22 e:/iti/arm/imt_sdk_win_64/imt_sdk_win_64/winarm/armgcc/bin/../lib/gcc/arm-none-eabi/7.2.1/../../../../arm-none-eabi/lib/thumb/v7e-m\libg_nano.a(lib_a-nano-vfprintf_i.o)
 *(vtable)
 *(.eh_frame*)
 *(.glue_7)
 .glue_7        0x080024f1        0x0 linker stubs
 *(.glue_7t)
 .glue_7t       0x080024f1        0x0 linker stubs

.vfp11_veneer   0x080024f4        0x0
 .vfp11_veneer  0x080024f4        0x0 linker stubs

.v4_bx          0x080024f4        0x0
 .v4_bx         0x080024f4        0x0 linker stubs

.iplt           0x080024f4        0x0
 .iplt          0x080024f4        0x0 ./system/src/newlib/_exit.o

.rel.dyn        0x080024f4        0x0
 .rel.iplt      0x080024f4        0x0 ./system/src/newlib/_exit.o

.ARM.extab
 *(.ARM.extab* .gnu.linkonce.armextab.*)
                0x080024f4                . = ALIGN (0x4)
                0x080024f4                __exidx_start = .

.ARM.exidx
 *(.ARM.exidx* .gnu.linkonce.armexidx.*)
                0x080024f4                __exidx_end = .
                0x080024f4                . = ALIGN (0x4)
                0x080024f4                _etext = .
                0x080024f4                __etext = .

.data_CCMRAM    0x10000000        0x0 load address 0x080024f4
 FILL mask 0xff
 *(.data.CCMRAM .data.CCMRAM.*)
                0x10000000                . = ALIGN (0x4)
                0x080024f4                _sidata = LOADADDR (.data)

.data           0x20000000       0xb4 load address 0x080024f4
 FILL mask 0xff
                0x20000000                _sdata = .
                0x20000000                __data_start__ = .
 *(.data_begin .data_begin.*)
 .data_begin    0x20000000        0x4 ./system/src/newlib/_startup.o
 *(.data .data.*)
 .data.argv.4310
                0x20000004        0x8 ./system/src/newlib/_syscalls.o
 .data.My_UART  0x2000000c       0x14 ./src/MCAL/UART/UART_Config.o
                0x2000000c                My_UART
 .data.mydata   0x20000020        0xc ./src/APP/BOOTLOADER/BOOTLOADER_program.o
                0x20000020                mydata
 .data.conf     0x2000002c        0xc ./src/APP/BOOTLOADER/BOOTLOADER_program.o
                0x2000002c                conf
 .data.ActiveBank
                0x20000038        0x1 ./src/APP/BOOTLOADER/BOOTLOADER_program.o
                0x20000038                ActiveBank
 *fill*         0x20000039        0x3 ff
 .data.Tx_Pin   0x2000003c        0x7 ./src/main.o
                0x2000003c                Tx_Pin
 *fill*         0x20000043        0x1 ff
 .data.Rx_Pin   0x20000044        0x7 ./src/main.o
                0x20000044                Rx_Pin
 *fill*         0x2000004b        0x1 ff
 .data._impure_ptr
                0x2000004c        0x4 e:/iti/arm/imt_sdk_win_64/imt_sdk_win_64/winarm/armgcc/bin/../lib/gcc/arm-none-eabi/7.2.1/../../../../arm-none-eabi/lib/thumb/v7e-m\libg_nano.a(lib_a-impure.o)
                0x2000004c                _impure_ptr
 .data.impure_data
                0x20000050       0x60 e:/iti/arm/imt_sdk_win_64/imt_sdk_win_64/winarm/armgcc/bin/../lib/gcc/arm-none-eabi/7.2.1/../../../../arm-none-eabi/lib/thumb/v7e-m\libg_nano.a(lib_a-impure.o)
 *(.data_end .data_end.*)
 .data_end      0x200000b0        0x4 ./system/src/newlib/_startup.o
                0x200000b4                . = ALIGN (0x4)
                0x200000b4                _edata = .
                0x200000b4                __data_end__ = .

.igot.plt       0x200000b4        0x0 load address 0x080025a8
 .igot.plt      0x200000b4        0x0 ./system/src/newlib/_exit.o

.bss_CCMRAM     0x10000000        0x0
 *(.bss.CCMRAM .bss.CCMRAM.*)

.bss            0x200000b4       0xb8
                0x200000b4                __bss_start__ = .
                0x200000b4                _sbss = .
 *(.bss_begin .bss_begin.*)
 .bss_begin     0x200000b4        0x4 ./system/src/newlib/_startup.o
 *(.bss .bss.*)
 .bss.current_heap_end.3961
                0x200000b8        0x4 ./system/src/newlib/_sbrk.o
 .bss.name.4309
                0x200000bc        0x1 ./system/src/newlib/_syscalls.o
 *fill*         0x200000bd        0x3 
 .bss.buf.5205  0x200000c0       0x80 ./system/src/diag/Trace.o
 .bss.MUART1_CallBackPtr
                0x20000140        0x4 ./src/MCAL/UART/UART_Prog.o
                0x20000140                MUART1_CallBackPtr
 .bss.MUART2_CallBackPtr
                0x20000144        0x4 ./src/MCAL/UART/UART_Prog.o
                0x20000144                MUART2_CallBackPtr
 .bss.MUART6_CallBackPtr
                0x20000148        0x4 ./src/MCAL/UART/UART_Prog.o
                0x20000148                MUART6_CallBackPtr
 .bss.STK_CallBackPTR
                0x2000014c        0x4 ./src/MCAL/SYSTICK/SYSTICK_prog.o
 .bss.SingleFlag
                0x20000150        0x1 ./src/MCAL/SYSTICK/SYSTICK_prog.o
 *fill*         0x20000151        0x3 
 .bss.G_u32Higher
                0x20000154        0x4 ./src/APP/HEXPARSER/HEXPARSER_prg.o
                0x20000154                G_u32Higher
 .bss.APP       0x20000158        0x4 ./src/APP/BOOTLOADER/BOOTLOADER_program.o
                0x20000158                APP
 .bss.__malloc_free_list
                0x2000015c        0x4 e:/iti/arm/imt_sdk_win_64/imt_sdk_win_64/winarm/armgcc/bin/../lib/gcc/arm-none-eabi/7.2.1/../../../../arm-none-eabi/lib/thumb/v7e-m\libg_nano.a(lib_a-nano-mallocr.o)
                0x2000015c                __malloc_free_list
 .bss.__malloc_sbrk_start
                0x20000160        0x4 e:/iti/arm/imt_sdk_win_64/imt_sdk_win_64/winarm/armgcc/bin/../lib/gcc/arm-none-eabi/7.2.1/../../../../arm-none-eabi/lib/thumb/v7e-m\libg_nano.a(lib_a-nano-mallocr.o)
                0x20000160                __malloc_sbrk_start
 *(COMMON)
 COMMON         0x20000164        0x4 ./system/src/newlib/_syscalls.o
                0x20000164                errno
 *(.bss_end .bss_end.*)
 .bss_end       0x20000168        0x4 ./system/src/newlib/_startup.o
                0x2000016c                . = ALIGN (0x4)
                0x2000016c                __bss_end__ = .
                0x2000016c                _ebss = .

.noinit_CCMRAM
 *(.noinit.CCMRAM .noinit.CCMRAM.*)

.noinit         0x2000016c        0x0
                0x2000016c                _noinit = .
 *(.noinit .noinit.*)
                0x2000016c                . = ALIGN (0x4)
                0x2000016c                _end_noinit = .
                [!provide]                PROVIDE (end, _end_noinit)
                [!provide]                PROVIDE (_end, _end_noinit)
                [!provide]                PROVIDE (__end, _end_noinit)
                [!provide]                PROVIDE (__end__, _end_noinit)

._check_stack   0x2000016c      0x100
                0x2000026c                . = (. + _Minimum_Stack_Size)
 *fill*         0x2000016c      0x100 

.b1text
 *(.b1text)
 *(.b1rodata)
 *(.b1rodata.*)

.eb0text
 *(.eb0text)
 *(.eb0rodata)
 *(.eb0rodata.*)

.eb1text
 *(.eb1text)
 *(.eb1rodata)
 *(.eb1rodata.*)

.eb2text
 *(.eb2text)
 *(.eb2rodata)
 *(.eb2rodata.*)

.eb3text
 *(.eb3text)
 *(.eb3rodata)
 *(.eb3rodata.*)

.stab
 *(.stab)

.stabstr
 *(.stabstr)

.stab.excl
 *(.stab.excl)

.stab.exclstr
 *(.stab.exclstr)

.stab.index
 *(.stab.index)

.stab.indexstr
 *(.stab.indexstr)

.comment        0x00000000       0x7e
 *(.comment)
 .comment       0x00000000       0x7e ./system/src/newlib/_exit.o
                                 0x7f (size before relaxing)
 .comment       0x0000007e       0x7f ./system/src/newlib/_sbrk.o
 .comment       0x0000007e       0x7f ./system/src/newlib/_startup.o
 .comment       0x0000007e       0x7f ./system/src/newlib/_syscalls.o
 .comment       0x0000007e       0x7f ./system/src/diag/Trace.o
 .comment       0x0000007e       0x7f ./system/src/diag/trace_impl.o
 .comment       0x0000007e       0x7f ./system/src/cortexm/_initialize_hardware.o
 .comment       0x0000007e       0x7f ./system/src/cortexm/exception_handlers.o
 .comment       0x0000007e       0x7f ./system/src/cmsis/system_stm32f4xx.o
 .comment       0x0000007e       0x7f ./system/src/cmsis/vectors_stm32f401xc.o
 .comment       0x0000007e       0x7f ./src/MCAL/UART/UART_Config.o
 .comment       0x0000007e       0x7f ./src/MCAL/UART/UART_Prog.o
 .comment       0x0000007e       0x7f ./src/MCAL/SYSTICK/SYSTICK_prog.o
 .comment       0x0000007e       0x7f ./src/MCAL/RCC/RCC_prog.o
 .comment       0x0000007e       0x7f ./src/MCAL/GPIO/GPIO_prog.o
 .comment       0x0000007e       0x7f ./src/MCAL/FMI/FMI_Prog.o
 .comment       0x0000007e       0x7f ./src/MCAL/CRC/CRC_program.o
 .comment       0x0000007e       0x7f ./src/APP/HEXPARSER/HEXPARSER_prg.o
 .comment       0x0000007e       0x7f ./src/APP/BOOTLOADER/BOOTLOADER_program.o
 .comment       0x0000007e       0x7f ./src/_initialize_hardware.o
 .comment       0x0000007e       0x7f ./src/main.o

.ARM.attributes
                0x00000000       0x31
 .ARM.attributes
                0x00000000       0x33 ./system/src/newlib/_exit.o
 .ARM.attributes
                0x00000033       0x33 ./system/src/newlib/_sbrk.o
 .ARM.attributes
                0x00000066       0x33 ./system/src/newlib/_startup.o
 .ARM.attributes
                0x00000099       0x33 ./system/src/newlib/_syscalls.o
 .ARM.attributes
                0x000000cc       0x33 ./system/src/diag/Trace.o
 .ARM.attributes
                0x000000ff       0x33 ./system/src/diag/trace_impl.o
 .ARM.attributes
                0x00000132       0x33 ./system/src/cortexm/_initialize_hardware.o
 .ARM.attributes
                0x00000165       0x33 ./system/src/cortexm/exception_handlers.o
 .ARM.attributes
                0x00000198       0x33 ./system/src/cmsis/system_stm32f4xx.o
 .ARM.attributes
                0x000001cb       0x33 ./system/src/cmsis/vectors_stm32f401xc.o
 .ARM.attributes
                0x000001fe       0x33 ./src/MCAL/UART/UART_Config.o
 .ARM.attributes
                0x00000231       0x33 ./src/MCAL/UART/UART_Prog.o
 .ARM.attributes
                0x00000264       0x33 ./src/MCAL/SYSTICK/SYSTICK_prog.o
 .ARM.attributes
                0x00000297       0x33 ./src/MCAL/RCC/RCC_prog.o
 .ARM.attributes
                0x000002ca       0x33 ./src/MCAL/GPIO/GPIO_prog.o
 .ARM.attributes
                0x000002fd       0x33 ./src/MCAL/FMI/FMI_Prog.o
 .ARM.attributes
                0x00000330       0x33 ./src/MCAL/CRC/CRC_program.o
 .ARM.attributes
                0x00000363       0x33 ./src/APP/HEXPARSER/HEXPARSER_prg.o
 .ARM.attributes
                0x00000396       0x33 ./src/APP/BOOTLOADER/BOOTLOADER_program.o
 .ARM.attributes
                0x000003c9       0x33 ./src/_initialize_hardware.o
 .ARM.attributes
                0x000003fc       0x33 ./src/main.o
 .ARM.attributes
                0x0000042f       0x2e e:/iti/arm/imt_sdk_win_64/imt_sdk_win_64/winarm/armgcc/bin/../lib/gcc/arm-none-eabi/7.2.1/../../../../arm-none-eabi/lib/thumb/v7e-m\libg_nano.a(lib_a-errno.o)
 .ARM.attributes
                0x0000045d       0x2e e:/iti/arm/imt_sdk_win_64/imt_sdk_win_64/winarm/armgcc/bin/../lib/gcc/arm-none-eabi/7.2.1/../../../../arm-none-eabi/lib/thumb/v7e-m\libg_nano.a(lib_a-impure.o)
 .ARM.attributes
                0x0000048b       0x2e e:/iti/arm/imt_sdk_win_64/imt_sdk_win_64/winarm/armgcc/bin/../lib/gcc/arm-none-eabi/7.2.1/../../../../arm-none-eabi/lib/thumb/v7e-m\libg_nano.a(lib_a-memset.o)
 .ARM.attributes
                0x000004b9       0x2e e:/iti/arm/imt_sdk_win_64/imt_sdk_win_64/winarm/armgcc/bin/../lib/gcc/arm-none-eabi/7.2.1/../../../../arm-none-eabi/lib/thumb/v7e-m\libg_nano.a(lib_a-vsnprintf.o)
 .ARM.attributes
                0x000004e7       0x2e e:/iti/arm/imt_sdk_win_64/imt_sdk_win_64/winarm/armgcc/bin/../lib/gcc/arm-none-eabi/7.2.1/../../../../arm-none-eabi/lib/thumb/v7e-m\libg_nano.a(lib_a-nano-svfprintf.o)
 .ARM.attributes
                0x00000515       0x2e e:/iti/arm/imt_sdk_win_64/imt_sdk_win_64/winarm/armgcc/bin/../lib/gcc/arm-none-eabi/7.2.1/../../../../arm-none-eabi/lib/thumb/v7e-m\libg_nano.a(lib_a-nano-vfprintf_i.o)
 .ARM.attributes
                0x00000543       0x1c e:/iti/arm/imt_sdk_win_64/imt_sdk_win_64/winarm/armgcc/bin/../lib/gcc/arm-none-eabi/7.2.1/../../../../arm-none-eabi/lib/thumb/v7e-m\libg_nano.a(lib_a-memchr.o)
 .ARM.attributes
                0x0000055f       0x2e e:/iti/arm/imt_sdk_win_64/imt_sdk_win_64/winarm/armgcc/bin/../lib/gcc/arm-none-eabi/7.2.1/../../../../arm-none-eabi/lib/thumb/v7e-m\libg_nano.a(lib_a-memcpy-stub.o)
 .ARM.attributes
                0x0000058d       0x2e e:/iti/arm/imt_sdk_win_64/imt_sdk_win_64/winarm/armgcc/bin/../lib/gcc/arm-none-eabi/7.2.1/../../../../arm-none-eabi/lib/thumb/v7e-m\libg_nano.a(lib_a-memmove.o)
 .ARM.attributes
                0x000005bb       0x2e e:/iti/arm/imt_sdk_win_64/imt_sdk_win_64/winarm/armgcc/bin/../lib/gcc/arm-none-eabi/7.2.1/../../../../arm-none-eabi/lib/thumb/v7e-m\libg_nano.a(lib_a-nano-freer.o)
 .ARM.attributes
                0x000005e9       0x2e e:/iti/arm/imt_sdk_win_64/imt_sdk_win_64/winarm/armgcc/bin/../lib/gcc/arm-none-eabi/7.2.1/../../../../arm-none-eabi/lib/thumb/v7e-m\libg_nano.a(lib_a-nano-mallocr.o)
 .ARM.attributes
                0x00000617       0x2e e:/iti/arm/imt_sdk_win_64/imt_sdk_win_64/winarm/armgcc/bin/../lib/gcc/arm-none-eabi/7.2.1/../../../../arm-none-eabi/lib/thumb/v7e-m\libg_nano.a(lib_a-nano-reallocr.o)
 .ARM.attributes
                0x00000645       0x2e e:/iti/arm/imt_sdk_win_64/imt_sdk_win_64/winarm/armgcc/bin/../lib/gcc/arm-none-eabi/7.2.1/../../../../arm-none-eabi/lib/thumb/v7e-m\libg_nano.a(lib_a-sbrkr.o)
 .ARM.attributes
                0x00000673       0x2e e:/iti/arm/imt_sdk_win_64/imt_sdk_win_64/winarm/armgcc/bin/../lib/gcc/arm-none-eabi/7.2.1/../../../../arm-none-eabi/lib/thumb/v7e-m\libg_nano.a(lib_a-mlock.o)
 .ARM.attributes
                0x000006a1       0x2e e:/iti/arm/imt_sdk_win_64/imt_sdk_win_64/winarm/armgcc/bin/../lib/gcc/arm-none-eabi/7.2.1/../../../../arm-none-eabi/lib/thumb/v7e-m\libg_nano.a(lib_a-nano-msizer.o)

.debug
 *(.debug)

.line
 *(.line)

.debug_srcinfo
 *(.debug_srcinfo)

.debug_sfnames
 *(.debug_sfnames)

.debug_aranges  0x00000000      0x4d8
 *(.debug_aranges)
 .debug_aranges
                0x00000000       0x28 ./system/src/newlib/_exit.o
 .debug_aranges
                0x00000028       0x20 ./system/src/newlib/_sbrk.o
 .debug_aranges
                0x00000048       0x40 ./system/src/newlib/_startup.o
 .debug_aranges
                0x00000088       0x30 ./system/src/newlib/_syscalls.o
 .debug_aranges
                0x000000b8       0x38 ./system/src/diag/Trace.o
 .debug_aranges
                0x000000f0       0x30 ./system/src/diag/trace_impl.o
 .debug_aranges
                0x00000120       0x28 ./system/src/cortexm/_initialize_hardware.o
 .debug_aranges
                0x00000148       0x90 ./system/src/cortexm/exception_handlers.o
 .debug_aranges
                0x000001d8       0x28 ./system/src/cmsis/system_stm32f4xx.o
 .debug_aranges
                0x00000200       0x20 ./system/src/cmsis/vectors_stm32f401xc.o
 .debug_aranges
                0x00000220       0x18 ./src/MCAL/UART/UART_Config.o
 .debug_aranges
                0x00000238       0xa8 ./src/MCAL/UART/UART_Prog.o
 .debug_aranges
                0x000002e0       0x80 ./src/MCAL/SYSTICK/SYSTICK_prog.o
 .debug_aranges
                0x00000360       0x30 ./src/MCAL/RCC/RCC_prog.o
 .debug_aranges
                0x00000390       0x40 ./src/MCAL/GPIO/GPIO_prog.o
 .debug_aranges
                0x000003d0       0x30 ./src/MCAL/FMI/FMI_Prog.o
 .debug_aranges
                0x00000400       0x28 ./src/MCAL/CRC/CRC_program.o
 .debug_aranges
                0x00000428       0x28 ./src/APP/HEXPARSER/HEXPARSER_prg.o
 .debug_aranges
                0x00000450       0x40 ./src/APP/BOOTLOADER/BOOTLOADER_program.o
 .debug_aranges
                0x00000490       0x28 ./src/_initialize_hardware.o
 .debug_aranges
                0x000004b8       0x20 ./src/main.o

.debug_pubnames
 *(.debug_pubnames)

.debug_info     0x00000000     0x90c0
 *(.debug_info .gnu.linkonce.wi.*)
 .debug_info    0x00000000      0x91d ./system/src/newlib/_exit.o
 .debug_info    0x0000091d      0x928 ./system/src/newlib/_sbrk.o
 .debug_info    0x00001245      0x43d ./system/src/newlib/_startup.o
 .debug_info    0x00001682      0x9f7 ./system/src/newlib/_syscalls.o
 .debug_info    0x00002079      0xa0e ./system/src/diag/Trace.o
 .debug_info    0x00002a87      0xb5b ./system/src/diag/trace_impl.o
 .debug_info    0x000035e2      0xaac ./system/src/cortexm/_initialize_hardware.o
 .debug_info    0x0000408e      0xea4 ./system/src/cortexm/exception_handlers.o
 .debug_info    0x00004f32      0xcf9 ./system/src/cmsis/system_stm32f4xx.o
 .debug_info    0x00005c2b       0xca ./system/src/cmsis/vectors_stm32f401xc.o
 .debug_info    0x00005cf5      0x35f ./src/MCAL/UART/UART_Config.o
 .debug_info    0x00006054      0x6b7 ./src/MCAL/UART/UART_Prog.o
 .debug_info    0x0000670b      0x2bf ./src/MCAL/SYSTICK/SYSTICK_prog.o
 .debug_info    0x000069ca      0x3b5 ./src/MCAL/RCC/RCC_prog.o
 .debug_info    0x00006d7f      0x488 ./src/MCAL/GPIO/GPIO_prog.o
 .debug_info    0x00007207      0x233 ./src/MCAL/FMI/FMI_Prog.o
 .debug_info    0x0000743a      0x118 ./src/MCAL/CRC/CRC_program.o
 .debug_info    0x00007552      0x21f ./src/APP/HEXPARSER/HEXPARSER_prg.o
 .debug_info    0x00007771      0x5fa ./src/APP/BOOTLOADER/BOOTLOADER_program.o
 .debug_info    0x00007d6b      0xc6d ./src/_initialize_hardware.o
 .debug_info    0x000089d8      0x6e8 ./src/main.o

.debug_abbrev   0x00000000     0x1fae
 *(.debug_abbrev)
 .debug_abbrev  0x00000000      0x1d7 ./system/src/newlib/_exit.o
 .debug_abbrev  0x000001d7      0x1cf ./system/src/newlib/_sbrk.o
 .debug_abbrev  0x000003a6      0x175 ./system/src/newlib/_startup.o
 .debug_abbrev  0x0000051b      0x21f ./system/src/newlib/_syscalls.o
 .debug_abbrev  0x0000073a      0x217 ./system/src/diag/Trace.o
 .debug_abbrev  0x00000951      0x2c6 ./system/src/diag/trace_impl.o
 .debug_abbrev  0x00000c17      0x1c0 ./system/src/cortexm/_initialize_hardware.o
 .debug_abbrev  0x00000dd7      0x2cb ./system/src/cortexm/exception_handlers.o
 .debug_abbrev  0x000010a2      0x216 ./system/src/cmsis/system_stm32f4xx.o
 .debug_abbrev  0x000012b8       0x9d ./system/src/cmsis/vectors_stm32f401xc.o
 .debug_abbrev  0x00001355       0xa9 ./src/MCAL/UART/UART_Config.o
 .debug_abbrev  0x000013fe      0x198 ./src/MCAL/UART/UART_Prog.o
 .debug_abbrev  0x00001596      0x115 ./src/MCAL/SYSTICK/SYSTICK_prog.o
 .debug_abbrev  0x000016ab       0xc2 ./src/MCAL/RCC/RCC_prog.o
 .debug_abbrev  0x0000176d      0x110 ./src/MCAL/GPIO/GPIO_prog.o
 .debug_abbrev  0x0000187d       0xea ./src/MCAL/FMI/FMI_Prog.o
 .debug_abbrev  0x00001967       0xb1 ./src/MCAL/CRC/CRC_program.o
 .debug_abbrev  0x00001a18      0x10a ./src/APP/HEXPARSER/HEXPARSER_prg.o
 .debug_abbrev  0x00001b22      0x18d ./src/APP/BOOTLOADER/BOOTLOADER_program.o
 .debug_abbrev  0x00001caf      0x1fd ./src/_initialize_hardware.o
 .debug_abbrev  0x00001eac      0x102 ./src/main.o

.debug_line     0x00000000     0x58a0
 *(.debug_line)
 .debug_line    0x00000000      0x357 ./system/src/newlib/_exit.o
 .debug_line    0x00000357      0x304 ./system/src/newlib/_sbrk.o
 .debug_line    0x0000065b      0x3de ./system/src/newlib/_startup.o
 .debug_line    0x00000a39      0x421 ./system/src/newlib/_syscalls.o
 .debug_line    0x00000e5a      0x3d1 ./system/src/diag/Trace.o
 .debug_line    0x0000122b      0xac3 ./system/src/diag/trace_impl.o
 .debug_line    0x00001cee      0xa2c ./system/src/cortexm/_initialize_hardware.o
 .debug_line    0x0000271a      0xb93 ./system/src/cortexm/exception_handlers.o
 .debug_line    0x000032ad      0xa2c ./system/src/cmsis/system_stm32f4xx.o
 .debug_line    0x00003cd9      0x108 ./system/src/cmsis/vectors_stm32f401xc.o
 .debug_line    0x00003de1       0x8b ./src/MCAL/UART/UART_Config.o
 .debug_line    0x00003e6c      0x2b9 ./src/MCAL/UART/UART_Prog.o
 .debug_line    0x00004125      0x1c5 ./src/MCAL/SYSTICK/SYSTICK_prog.o
 .debug_line    0x000042ea       0xe8 ./src/MCAL/RCC/RCC_prog.o
 .debug_line    0x000043d2      0x1e3 ./src/MCAL/GPIO/GPIO_prog.o
 .debug_line    0x000045b5      0x130 ./src/MCAL/FMI/FMI_Prog.o
 .debug_line    0x000046e5       0xd9 ./src/MCAL/CRC/CRC_program.o
 .debug_line    0x000047be      0x138 ./src/APP/HEXPARSER/HEXPARSER_prg.o
 .debug_line    0x000048f6      0x33d ./src/APP/BOOTLOADER/BOOTLOADER_program.o
 .debug_line    0x00004c33      0xa22 ./src/_initialize_hardware.o
 .debug_line    0x00005655      0x24b ./src/main.o

.debug_frame    0x00000000     0x10b4
 *(.debug_frame)
 .debug_frame   0x00000000       0x48 ./system/src/newlib/_exit.o
 .debug_frame   0x00000048       0x34 ./system/src/newlib/_sbrk.o
 .debug_frame   0x0000007c       0xc8 ./system/src/newlib/_startup.o
 .debug_frame   0x00000144       0x80 ./system/src/newlib/_syscalls.o
 .debug_frame   0x000001c4       0xb8 ./system/src/diag/Trace.o
 .debug_frame   0x0000027c       0x7c ./system/src/diag/trace_impl.o
 .debug_frame   0x000002f8       0x48 ./system/src/cortexm/_initialize_hardware.o
 .debug_frame   0x00000340      0x1a4 ./system/src/cortexm/exception_handlers.o
 .debug_frame   0x000004e4       0x58 ./system/src/cmsis/system_stm32f4xx.o
 .debug_frame   0x0000053c       0x28 ./system/src/cmsis/vectors_stm32f401xc.o
 .debug_frame   0x00000564      0x2b0 ./src/MCAL/UART/UART_Prog.o
 .debug_frame   0x00000814      0x1ec ./src/MCAL/SYSTICK/SYSTICK_prog.o
 .debug_frame   0x00000a00       0x80 ./src/MCAL/RCC/RCC_prog.o
 .debug_frame   0x00000a80       0xd8 ./src/MCAL/GPIO/GPIO_prog.o
 .debug_frame   0x00000b58       0x84 ./src/MCAL/FMI/FMI_Prog.o
 .debug_frame   0x00000bdc       0x54 ./src/MCAL/CRC/CRC_program.o
 .debug_frame   0x00000c30       0x5c ./src/APP/HEXPARSER/HEXPARSER_prg.o
 .debug_frame   0x00000c8c       0xc0 ./src/APP/BOOTLOADER/BOOTLOADER_program.o
 .debug_frame   0x00000d4c       0x54 ./src/_initialize_hardware.o
 .debug_frame   0x00000da0       0x2c ./src/main.o
 .debug_frame   0x00000dcc       0x20 e:/iti/arm/imt_sdk_win_64/imt_sdk_win_64/winarm/armgcc/bin/../lib/gcc/arm-none-eabi/7.2.1/../../../../arm-none-eabi/lib/thumb/v7e-m\libg_nano.a(lib_a-errno.o)
 .debug_frame   0x00000dec       0x20 e:/iti/arm/imt_sdk_win_64/imt_sdk_win_64/winarm/armgcc/bin/../lib/gcc/arm-none-eabi/7.2.1/../../../../arm-none-eabi/lib/thumb/v7e-m\libg_nano.a(lib_a-memset.o)
 .debug_frame   0x00000e0c       0x4c e:/iti/arm/imt_sdk_win_64/imt_sdk_win_64/winarm/armgcc/bin/../lib/gcc/arm-none-eabi/7.2.1/../../../../arm-none-eabi/lib/thumb/v7e-m\libg_nano.a(lib_a-vsnprintf.o)
 .debug_frame   0x00000e58       0x90 e:/iti/arm/imt_sdk_win_64/imt_sdk_win_64/winarm/armgcc/bin/../lib/gcc/arm-none-eabi/7.2.1/../../../../arm-none-eabi/lib/thumb/v7e-m\libg_nano.a(lib_a-nano-svfprintf.o)
 .debug_frame   0x00000ee8       0x60 e:/iti/arm/imt_sdk_win_64/imt_sdk_win_64/winarm/armgcc/bin/../lib/gcc/arm-none-eabi/7.2.1/../../../../arm-none-eabi/lib/thumb/v7e-m\libg_nano.a(lib_a-nano-vfprintf_i.o)
 .debug_frame   0x00000f48       0x28 e:/iti/arm/imt_sdk_win_64/imt_sdk_win_64/winarm/armgcc/bin/../lib/gcc/arm-none-eabi/7.2.1/../../../../arm-none-eabi/lib/thumb/v7e-m\libg_nano.a(lib_a-memcpy-stub.o)
 .debug_frame   0x00000f70       0x28 e:/iti/arm/imt_sdk_win_64/imt_sdk_win_64/winarm/armgcc/bin/../lib/gcc/arm-none-eabi/7.2.1/../../../../arm-none-eabi/lib/thumb/v7e-m\libg_nano.a(lib_a-memmove.o)
 .debug_frame   0x00000f98       0x38 e:/iti/arm/imt_sdk_win_64/imt_sdk_win_64/winarm/armgcc/bin/../lib/gcc/arm-none-eabi/7.2.1/../../../../arm-none-eabi/lib/thumb/v7e-m\libg_nano.a(lib_a-nano-freer.o)
 .debug_frame   0x00000fd0       0x2c e:/iti/arm/imt_sdk_win_64/imt_sdk_win_64/winarm/armgcc/bin/../lib/gcc/arm-none-eabi/7.2.1/../../../../arm-none-eabi/lib/thumb/v7e-m\libg_nano.a(lib_a-nano-mallocr.o)
 .debug_frame   0x00000ffc       0x3c e:/iti/arm/imt_sdk_win_64/imt_sdk_win_64/winarm/armgcc/bin/../lib/gcc/arm-none-eabi/7.2.1/../../../../arm-none-eabi/lib/thumb/v7e-m\libg_nano.a(lib_a-nano-reallocr.o)
 .debug_frame   0x00001038       0x2c e:/iti/arm/imt_sdk_win_64/imt_sdk_win_64/winarm/armgcc/bin/../lib/gcc/arm-none-eabi/7.2.1/../../../../arm-none-eabi/lib/thumb/v7e-m\libg_nano.a(lib_a-sbrkr.o)
 .debug_frame   0x00001064       0x30 e:/iti/arm/imt_sdk_win_64/imt_sdk_win_64/winarm/armgcc/bin/../lib/gcc/arm-none-eabi/7.2.1/../../../../arm-none-eabi/lib/thumb/v7e-m\libg_nano.a(lib_a-mlock.o)
 .debug_frame   0x00001094       0x20 e:/iti/arm/imt_sdk_win_64/imt_sdk_win_64/winarm/armgcc/bin/../lib/gcc/arm-none-eabi/7.2.1/../../../../arm-none-eabi/lib/thumb/v7e-m\libg_nano.a(lib_a-nano-msizer.o)

.debug_str      0x00000000    0x7435e
 *(.debug_str)
 .debug_str     0x00000000     0x7d29 ./system/src/newlib/_exit.o
                               0x7efc (size before relaxing)
 .debug_str     0x00007d29      0x4ed ./system/src/newlib/_sbrk.o
                               0x72b1 (size before relaxing)
 .debug_str     0x00008216      0xbda ./system/src/newlib/_startup.o
                               0x6a0b (size before relaxing)
 .debug_str     0x00008df0      0xe9d ./system/src/newlib/_syscalls.o
                               0x818c (size before relaxing)
 .debug_str     0x00009c8d      0x814 ./system/src/diag/Trace.o
                               0x8662 (size before relaxing)
 .debug_str     0x0000a4a1    0x67a3a ./system/src/diag/trace_impl.o
                              0x709a5 (size before relaxing)
 .debug_str     0x00071edb       0xd5 ./system/src/cortexm/_initialize_hardware.o
                              0x6f716 (size before relaxing)
 .debug_str     0x00071fb0      0x1a6 ./system/src/cortexm/exception_handlers.o
                              0x70b1b (size before relaxing)
 .debug_str     0x00072156      0x185 ./system/src/cmsis/system_stm32f4xx.o
                              0x6f818 (size before relaxing)
 .debug_str     0x000722db       0x59 ./system/src/cmsis/vectors_stm32f401xc.o
                               0x3897 (size before relaxing)
 .debug_str     0x00072334      0x5db ./src/MCAL/UART/UART_Config.o
                               0x3799 (size before relaxing)
 .debug_str     0x0007290f      0x4b1 ./src/MCAL/UART/UART_Prog.o
                               0x3c2b (size before relaxing)
 .debug_str     0x00072dc0      0x37c ./src/MCAL/SYSTICK/SYSTICK_prog.o
                               0x321b (size before relaxing)
 .debug_str     0x0007313c      0x4ff ./src/MCAL/RCC/RCC_prog.o
                               0x3420 (size before relaxing)
 .debug_str     0x0007363b      0x356 ./src/MCAL/GPIO/GPIO_prog.o
                               0x330d (size before relaxing)
 .debug_str     0x00073991      0x286 ./src/MCAL/FMI/FMI_Prog.o
                               0x311a (size before relaxing)
 .debug_str     0x00073c17      0x129 ./src/MCAL/CRC/CRC_program.o
                               0x2fbc (size before relaxing)
 .debug_str     0x00073d40      0x126 ./src/APP/HEXPARSER/HEXPARSER_prg.o
                               0x304a (size before relaxing)
 .debug_str     0x00073e66      0x38a ./src/APP/BOOTLOADER/BOOTLOADER_program.o
                               0x3dd1 (size before relaxing)
 .debug_str     0x000741f0      0x14d ./src/_initialize_hardware.o
                              0x6f8a6 (size before relaxing)
 .debug_str     0x0007433d       0x21 ./src/main.o
                               0x4059 (size before relaxing)

.debug_loc
 *(.debug_loc)

.debug_macinfo
 *(.debug_macinfo)

.debug_weaknames
 *(.debug_weaknames)

.debug_funcnames
 *(.debug_funcnames)

.debug_typenames
 *(.debug_typenames)

.debug_varnames
 *(.debug_varnames)
OUTPUT(FLASHER.elf elf32-littlearm)

.debug_ranges   0x00000000      0x398
 .debug_ranges  0x00000000       0x18 ./system/src/newlib/_exit.o
 .debug_ranges  0x00000018       0x10 ./system/src/newlib/_sbrk.o
 .debug_ranges  0x00000028       0x30 ./system/src/newlib/_startup.o
 .debug_ranges  0x00000058       0x20 ./system/src/newlib/_syscalls.o
 .debug_ranges  0x00000078       0x28 ./system/src/diag/Trace.o
 .debug_ranges  0x000000a0       0x20 ./system/src/diag/trace_impl.o
 .debug_ranges  0x000000c0       0x18 ./system/src/cortexm/_initialize_hardware.o
 .debug_ranges  0x000000d8       0x80 ./system/src/cortexm/exception_handlers.o
 .debug_ranges  0x00000158       0x18 ./system/src/cmsis/system_stm32f4xx.o
 .debug_ranges  0x00000170       0x10 ./system/src/cmsis/vectors_stm32f401xc.o
 .debug_ranges  0x00000180       0xb0 ./src/MCAL/UART/UART_Prog.o
 .debug_ranges  0x00000230       0x70 ./src/MCAL/SYSTICK/SYSTICK_prog.o
 .debug_ranges  0x000002a0       0x20 ./src/MCAL/RCC/RCC_prog.o
 .debug_ranges  0x000002c0       0x30 ./src/MCAL/GPIO/GPIO_prog.o
 .debug_ranges  0x000002f0       0x20 ./src/MCAL/FMI/FMI_Prog.o
 .debug_ranges  0x00000310       0x18 ./src/MCAL/CRC/CRC_program.o
 .debug_ranges  0x00000328       0x18 ./src/APP/HEXPARSER/HEXPARSER_prg.o
 .debug_ranges  0x00000340       0x30 ./src/APP/BOOTLOADER/BOOTLOADER_program.o
 .debug_ranges  0x00000370       0x18 ./src/_initialize_hardware.o
 .debug_ranges  0x00000388       0x10 ./src/main.o

.debug_macro    0x00000000     0x3f5f
 .debug_macro   0x00000000      0x1b4 ./system/src/newlib/_exit.o
 .debug_macro   0x000001b4      0x10e ./system/src/newlib/_exit.o
 .debug_macro   0x000002c2       0x8d ./system/src/newlib/_exit.o
 .debug_macro   0x0000034f       0x35 ./system/src/newlib/_exit.o
 .debug_macro   0x00000384      0x169 ./system/src/newlib/_sbrk.o
 .debug_macro   0x000004ed      0x174 ./system/src/newlib/_sbrk.o
 .debug_macro   0x00000661       0x10 ./system/src/newlib/_sbrk.o
 .debug_macro   0x00000671      0x23b ./system/src/newlib/_sbrk.o
 .debug_macro   0x000008ac      0x173 ./system/src/newlib/_startup.o
 .debug_macro   0x00000a1f      0xa72 ./system/src/newlib/_startup.o
 .debug_macro   0x00001491      0x217 ./system/src/newlib/_syscalls.o
 .debug_macro   0x000016a8       0x1c ./system/src/newlib/_syscalls.o
 .debug_macro   0x000016c4       0x10 ./system/src/newlib/_syscalls.o
 .debug_macro   0x000016d4       0x10 ./system/src/newlib/_syscalls.o
 .debug_macro   0x000016e4       0x10 ./system/src/newlib/_syscalls.o
 .debug_macro   0x000016f4       0x35 ./system/src/newlib/_syscalls.o
 .debug_macro   0x00001729      0x122 ./system/src/newlib/_syscalls.o
 .debug_macro   0x0000184b       0x88 ./system/src/newlib/_syscalls.o
 .debug_macro   0x000018d3       0x2b ./system/src/newlib/_syscalls.o
 .debug_macro   0x000018fe      0x118 ./system/src/newlib/_syscalls.o
 .debug_macro   0x00001a16      0x189 ./system/src/newlib/_syscalls.o
 .debug_macro   0x00001b9f       0x16 ./system/src/newlib/_syscalls.o
 .debug_macro   0x00001bb5      0x1fb ./system/src/diag/Trace.o
 .debug_macro   0x00001db0       0x4c ./system/src/diag/Trace.o
 .debug_macro   0x00001dfc       0x16 ./system/src/diag/Trace.o
 .debug_macro   0x00001e12      0x52a ./system/src/diag/trace_impl.o
 .debug_macro   0x0000233c       0x22 ./system/src/diag/trace_impl.o
 .debug_macro   0x0000235e      0x4ee ./system/src/cortexm/_initialize_hardware.o
 .debug_macro   0x0000284c      0x557 ./system/src/cortexm/exception_handlers.o
 .debug_macro   0x00002da3       0x3b ./system/src/cortexm/exception_handlers.o
 .debug_macro   0x00002dde      0x4ea ./system/src/cmsis/system_stm32f4xx.o
 .debug_macro   0x000032c8       0x34 ./system/src/cmsis/vectors_stm32f401xc.o
 .debug_macro   0x000032fc       0x38 ./src/MCAL/UART/UART_Config.o
 .debug_macro   0x00003334       0x10 ./src/MCAL/UART/UART_Config.o
 .debug_macro   0x00003344       0xa0 ./src/MCAL/UART/UART_Config.o
 .debug_macro   0x000033e4       0x28 ./src/MCAL/UART/UART_Config.o
 .debug_macro   0x0000340c       0x65 ./src/MCAL/UART/UART_Prog.o
 .debug_macro   0x00003471       0x22 ./src/MCAL/UART/UART_Prog.o
 .debug_macro   0x00003493       0xa6 ./src/MCAL/UART/UART_Prog.o
 .debug_macro   0x00003539       0x1c ./src/MCAL/UART/UART_Prog.o
 .debug_macro   0x00003555       0x28 ./src/MCAL/UART/UART_Prog.o
 .debug_macro   0x0000357d       0x53 ./src/MCAL/SYSTICK/SYSTICK_prog.o
 .debug_macro   0x000035d0       0x5e ./src/MCAL/SYSTICK/SYSTICK_prog.o
 .debug_macro   0x0000362e       0x10 ./src/MCAL/SYSTICK/SYSTICK_prog.o
 .debug_macro   0x0000363e       0x4b ./src/MCAL/RCC/RCC_prog.o
 .debug_macro   0x00003689       0xfa ./src/MCAL/RCC/RCC_prog.o
 .debug_macro   0x00003783       0x16 ./src/MCAL/RCC/RCC_prog.o
 .debug_macro   0x00003799       0x46 ./src/MCAL/GPIO/GPIO_prog.o
 .debug_macro   0x000037df       0x40 ./src/MCAL/FMI/FMI_Prog.o
 .debug_macro   0x0000381f       0x52 ./src/MCAL/FMI/FMI_Prog.o
 .debug_macro   0x00003871       0x36 ./src/MCAL/CRC/CRC_program.o
 .debug_macro   0x000038a7       0x1c ./src/MCAL/CRC/CRC_program.o
 .debug_macro   0x000038c3       0x33 ./src/APP/HEXPARSER/HEXPARSER_prg.o
 .debug_macro   0x000038f6       0x82 ./src/APP/BOOTLOADER/BOOTLOADER_program.o
 .debug_macro   0x00003978       0x1c ./src/APP/BOOTLOADER/BOOTLOADER_program.o
 .debug_macro   0x00003994       0x3a ./src/APP/BOOTLOADER/BOOTLOADER_program.o
 .debug_macro   0x000039ce      0x4e4 ./src/_initialize_hardware.o
 .debug_macro   0x00003eb2       0xad ./src/main.o
